Component: ARM Compiler 5.05 update 1 (build 106) Tool: armlink [4d0efa]

==============================================================================

Section Cross References

    main.o(i.Gizwits_Init) refers to timer.o(i.TIM3_Int_Init) for TIM3_Int_Init
    main.o(i.Gizwits_Init) refers to usart3.o(i.usart3_init) for usart3_init
    main.o(i.Gizwits_Init) refers to rt_memclr.o(.text) for __aeabi_memclr
    main.o(i.Gizwits_Init) refers to gizwits_protocol.o(i.gizwitsInit) for gizwitsInit
    main.o(i.Gizwits_Init) refers to gizwits_product.o(.bss) for currentDataPoint
    main.o(i.Init) refers to delay.o(i.delay_init) for delay_init
    main.o(i.Init) refers to misc.o(i.NVIC_PriorityGroupConfig) for NVIC_PriorityGroupConfig
    main.o(i.Init) refers to usart.o(i.uart_init) for uart_init
    main.o(i.Init) refers to led.o(i.LED_Init) for LED_Init
    main.o(i.Init) refers to beep.o(i.BEEP_Init) for BEEP_Init
    main.o(i.Init) refers to exti.o(i.EXTIX_Init) for EXTIX_Init
    main.o(i.Init) refers to relay.o(i.RELAY_Init) for RELAY_Init
    main.o(i.Init) refers to wkup.o(i.WKUP_Init) for WKUP_Init
    main.o(i.Init) refers to key.o(i.KEY_Init) for KEY_Init
    main.o(i.Init) refers to adc.o(i.Adc_Init) for Adc_Init
    main.o(i.Init) refers to main.o(i.Gizwits_Init) for Gizwits_Init
    main.o(i.Init) refers to rtc.o(i.RTC_Init) for RTC_Init
    main.o(i.Init) refers to timer.o(i.TIM3_Int_Init) for TIM3_Int_Init
    main.o(i.Init) refers to lcd.o(i.LCD_ShowString) for LCD_ShowString
    main.o(i.Init) refers to delay.o(i.delay_ms) for delay_ms
    main.o(i.Init) refers to lcd.o(i.LCD_Fill) for LCD_Fill
    main.o(i.Init) refers to dht11.o(i.DHT11_Init) for DHT11_Init
    main.o(i.Init) refers to lcd.o(i.LCD_Init) for LCD_Init
    main.o(i.Init) refers to lcd.o(.data) for POINT_COLOR
    main.o(i.main) refers to main.o(i.Init) for Init
    main.o(i.main) refers to dht11.o(i.DHT11_Read_Data) for DHT11_Read_Data
    main.o(i.main) refers to main.o(i.userHandle) for userHandle
    main.o(i.main) refers to gizwits_protocol.o(i.gizwitsHandle) for gizwitsHandle
    main.o(i.main) refers to key.o(i.KEY_Scan) for KEY_Scan
    main.o(i.main) refers to noretval__2printf.o(.text) for __2printf
    main.o(i.main) refers to gizwits_protocol.o(i.gizwitsSetMode) for gizwitsSetMode
    main.o(i.main) refers to lcd.o(i.LCD_ShowString) for LCD_ShowString
    main.o(i.main) refers to main.o(i.show) for show
    main.o(i.main) refers to main.o(.data) for humidity
    main.o(i.main) refers to gizwits_product.o(.bss) for currentDataPoint
    main.o(i.main) refers to lcd.o(.data) for POINT_COLOR
    main.o(i.show) refers to lcd.o(i.LCD_ShowxNum) for LCD_ShowxNum
    main.o(i.show) refers to adc.o(i.Get_Adc_Average) for Get_Adc_Average
    main.o(i.show) refers to fflt_clz.o(x$fpl$ffltu) for __aeabi_ui2f
    main.o(i.show) refers to f2d.o(x$fpl$f2d) for __aeabi_f2d
    main.o(i.show) refers to dmul.o(x$fpl$dmul) for __aeabi_dmul
    main.o(i.show) refers to daddsub_clz.o(x$fpl$dsub) for __aeabi_dsub
    main.o(i.show) refers to d2f.o(x$fpl$d2f) for __aeabi_d2f
    main.o(i.show) refers to ffixu.o(x$fpl$ffixu) for __aeabi_f2uiz
    main.o(i.show) refers to faddsub_clz.o(x$fpl$frsb) for __aeabi_frsub
    main.o(i.show) refers to fmul.o(x$fpl$fmul) for __aeabi_fmul
    main.o(i.show) refers to adc.o(i.Get_Adc) for Get_Adc
    main.o(i.show) refers to fdiv.o(x$fpl$fdiv) for __aeabi_fdiv
    main.o(i.show) refers to lcd.o(i.LCD_ShowString) for LCD_ShowString
    main.o(i.show) refers to delay.o(i.delay_ms) for delay_ms
    main.o(i.show) refers to main.o(.data) for e
    main.o(i.userHandle) refers to _printf_pad.o(.text) for _printf_pre_padding
    main.o(i.userHandle) refers to _printf_percent.o(.ARM.Collect$$_printf_percent$$00000000) for _printf_percent
    main.o(i.userHandle) refers to _printf_x.o(.ARM.Collect$$_printf_percent$$0000000C) for _printf_x
    main.o(i.userHandle) refers to _printf_hex_int.o(.text) for _printf_longlong_hex
    main.o(i.userHandle) refers to adc.o(i.Get_Adc_Average) for Get_Adc_Average
    main.o(i.userHandle) refers to noretval__2printf.o(.text) for __2printf
    main.o(i.userHandle) refers to noretval__2sprintf.o(.text) for __2sprintf
    main.o(i.userHandle) refers to lcd.o(i.LCD_ShowString) for LCD_ShowString
    main.o(i.userHandle) refers to relay.o(i.relay_off) for relay_off
    main.o(i.userHandle) refers to delay.o(i.delay_ms) for delay_ms
    main.o(i.userHandle) refers to relay.o(i.relay_on) for relay_on
    main.o(i.userHandle) refers to fflt_clz.o(x$fpl$ffltu) for __aeabi_ui2f
    main.o(i.userHandle) refers to f2d.o(x$fpl$f2d) for __aeabi_f2d
    main.o(i.userHandle) refers to dmul.o(x$fpl$dmul) for __aeabi_dmul
    main.o(i.userHandle) refers to daddsub_clz.o(x$fpl$dsub) for __aeabi_dsub
    main.o(i.userHandle) refers to d2f.o(x$fpl$d2f) for __aeabi_d2f
    main.o(i.userHandle) refers to lcd.o(i.LCD_Fill) for LCD_Fill
    main.o(i.userHandle) refers to main.o(.data) for adcx
[...]
    i.gizProtocolModuleStatus                0x08007524   Section        0  gizwits_protocol.o(i.gizProtocolModuleStatus)
    gizProtocolModuleStatus                  0x08007525   Thumb Code   816  gizwits_protocol.o(i.gizProtocolModuleStatus)
    i.gizProtocolNTP                         0x08007a28   Section        0  gizwits_protocol.o(i.gizProtocolNTP)
    gizProtocolNTP                           0x08007a29   Thumb Code   112  gizwits_protocol.o(i.gizProtocolNTP)
    i.gizProtocolReboot                      0x08007ab0   Section        0  gizwits_protocol.o(i.gizProtocolReboot)
    gizProtocolReboot                        0x08007ab1   Thumb Code    28  gizwits_protocol.o(i.gizProtocolReboot)
    i.gizProtocolResendData                  0x08007acc   Section        0  gizwits_protocol.o(i.gizProtocolResendData)
    gizProtocolResendData                    0x08007acd   Thumb Code    64  gizwits_protocol.o(i.gizProtocolResendData)
    i.gizProtocolSum                         0x08007b48   Section        0  common.o(i.gizProtocolSum)
    i.gizProtocolWaitAck                     0x08007b70   Section        0  gizwits_protocol.o(i.gizProtocolWaitAck)
    gizProtocolWaitAck                       0x08007b71   Thumb Code    70  gizwits_protocol.o(i.gizProtocolWaitAck)
    i.gizProtocolWaitAckCheck                0x08007bd4   Section        0  gizwits_protocol.o(i.gizProtocolWaitAckCheck)
    gizProtocolWaitAckCheck                  0x08007bd5   Thumb Code    44  gizwits_protocol.o(i.gizProtocolWaitAckCheck)
    i.gizPutData                             0x08007c1c   Section        0  gizwits_protocol.o(i.gizPutData)
    i.gizReportData                          0x08007c90   Section        0  gizwits_protocol.o(i.gizReportData)
    gizReportData                            0x08007c91   Thumb Code   140  gizwits_protocol.o(i.gizReportData)
    i.gizStandardCompressValue               0x08007d64   Section        0  datapointtools.o(i.gizStandardCompressValue)
    i.gizStandardDecompressionValue          0x08007de4   Section        0  datapointtools.o(i.gizStandardDecompressionValue)
    i.gizTimerMs                             0x08007ea8   Section        0  gizwits_product.o(i.gizTimerMs)
    i.gizY2X                                 0x08007eb8   Section        0  datapointtools.o(i.gizY2X)
    i.gizY2XFloat                            0x08007ec6   Section        0  datapointtools.o(i.gizY2XFloat)
    i.gizwitsEventProcess                    0x08007ef0   Section        0  gizwits_product.o(i.gizwitsEventProcess)
    i.gizwitsHandle                          0x08008160   Section        0  gizwits_protocol.o(i.gizwitsHandle)
    i.gizwitsInit                            0x08008478   Section        0  gizwits_protocol.o(i.gizwitsInit)
    i.gizwitsSetMode                         0x080084dc   Section        0  gizwits_protocol.o(i.gizwitsSetMode)
    i.main                                   0x08008764   Section        0  main.o(i.main)
    i.mcuRestart                             0x08008864   Section        0  gizwits_product.o(i.mcuRestart)
    i.rbCanRead                              0x08008894   Section        0  ringbuffer.o(i.rbCanRead)
    i.rbCanWrite                             0x080088cc   Section        0  ringbuffer.o(i.rbCanWrite)
    i.rbCapacity                             0x080088ea   Section        0  ringbuffer.o(i.rbCapacity)
    i.rbCreate                               0x080088f8   Section        0  ringbuffer.o(i.rbCreate)
    i.rbRead                                 0x0800890e   Section        0  ringbuffer.o(i.rbRead)
    i.rbWrite                                0x080089b0   Section        0  ringbuffer.o(i.rbWrite)
    i.relay_off                              0x08008a4c   Section        0  relay.o(i.relay_off)
    i.relay_on                               0x08008a5c   Section        0  relay.o(i.relay_on)
    i.rtc                                    0x08008a6c   Section        0  timer.o(i.rtc)
    i.show                                   0x08008bf8   Section        0  main.o(i.show)
    i.uartWrite                              0x08008dd8   Section        0  gizwits_product.o(i.uartWrite)
    i.uart_init                              0x08008e30   Section        0  usart.o(i.uart_init)
    i.usart3_init                            0x08008ed0   Section        0  usart3.o(i.usart3_init)
    i.userHandle                             0x08008f80   Section        0  main.o(i.userHandle)
    x$fpl$d2f                                0x0800925c   Section       98  d2f.o(x$fpl$d2f)
    x$fpl$dadd                               0x080092c0   Section      336  daddsub_clz.o(x$fpl$dadd)
    _dadd1                                   0x080092d1   Thumb Code     0  daddsub_clz.o(x$fpl$dadd)
    x$fpl$dfixu                              0x08009410   Section       90  dfixu.o(x$fpl$dfixu)
    x$fpl$dfltu                              0x0800946a   Section       38  dflt_clz.o(x$fpl$dfltu)
    x$fpl$dmul                               0x08009490   Section      340  dmul.o(x$fpl$dmul)
    x$fpl$dnaninf                            0x080095e4   Section      156  dnaninf.o(x$fpl$dnaninf)
    x$fpl$dretinf                            0x08009680   Section       12  dretinf.o(x$fpl$dretinf)
    x$fpl$dsub                               0x0800968c   Section      468  daddsub_clz.o(x$fpl$dsub)
    _dsub1                                   0x0800969d   Thumb Code     0  daddsub_clz.o(x$fpl$dsub)
    x$fpl$f2d                                0x08009860   Section       86  f2d.o(x$fpl$f2d)
    x$fpl$fadd                               0x080098b8   Section      196  faddsub_clz.o(x$fpl$fadd)
    _fadd1                                   0x080098c7   Thumb Code     0  faddsub_clz.o(x$fpl$fadd)
    x$fpl$fcmpinf                            0x0800997c   Section       24  fcmpi.o(x$fpl$fcmpinf)
    x$fpl$fdiv                               0x08009994   Section      388  fdiv.o(x$fpl$fdiv)
    _fdiv1                                   0x08009995   Thumb Code     0  fdiv.o(x$fpl$fdiv)
    x$fpl$feqf                               0x08009b18   Section      104  feqf.o(x$fpl$feqf)
    x$fpl$ffixu                              0x08009b80   Section       62  ffixu.o(x$fpl$ffixu)
    x$fpl$ffltu                              0x08009bc0   Section       38  fflt_clz.o(x$fpl$ffltu)
    x$fpl$fmul                               0x08009be8   Section      258  fmul.o(x$fpl$fmul)
    x$fpl$fnaninf                            0x08009cea   Section      140  fnaninf.o(x$fpl$fnaninf)
    x$fpl$fretinf                            0x08009d76   Section       10  fretinf.o(x$fpl$fretinf)
    x$fpl$frsb                               0x08009d80   Section       20  faddsub_clz.o(x$fpl$frsb)
    x$fpl$fsub                               0x08009d94   Section      234  faddsub_clz.o(x$fpl$fsub)
    _fsub1                                   0x08009da3   Thumb Code     0  faddsub_clz.o(x$fpl$fsub)
    .constdata                               0x08009e7e   Section     6080  lcd.o(.constdata)
    x$fpl$usenofp                            0x08009e7e   Section        0  usenofp.o(x$fpl$usenofp)
    .constdata                               0x0800b63e   Section       24  rtc.o(.constdata)
    .constdata                               0x0800b656   Section       40  _printf_hex_int.o(.constdata)
    uc_hextab                                0x0800b656   Data          20  _printf_hex_int.o(.constdata)
    lc_hextab                                0x0800b66a   Data          20  _printf_hex_int.o(.constdata)
    .constdata                               0x0800b67e   Section       17  __printf_flags_wp.o(.constdata)
    maptable                                 0x0800b67e   Data          17  __printf_flags_wp.o(.constdata)
    .data                                    0x20000000   Section       32  main.o(.data)
    temp_num                                 0x2000000a   Data           1  main.o(.data)
    e                                        0x2000001e   Data           1  main.o(.data)
    k                                        0x2000001f   Data           1  main.o(.data)
    .data                                    0x20000020   Section       20  system_stm32f10x.o(.data)
    .data                                    0x20000034   Section       20  stm32f10x_rcc.o(.data)
    APBAHBPrescTable                         0x20000034   Data          16  stm32f10x_rcc.o(.data)
    ADCPrescTable                            0x20000044   Data           4  stm32f10x_rcc.o(.data)
    .data                                    0x20000048   Section        4  delay.o(.data)
    fac_us                                   0x20000048   Data           1  delay.o(.data)
    fac_ms                                   0x2000004a   Data           2  delay.o(.data)
    .data                                    0x2000004c   Section        6  usart.o(.data)
    .data                                    0x20000052   Section        1  key.o(.data)
    key_up                                   0x20000052   Data           1  key.o(.data)
    .data                                    0x20000054   Section        4  lcd.o(.data)
    .data                                    0x20000058   Section        2  rtc.o(.data)
    daycnt                                   0x20000058   Data           2  rtc.o(.data)
    .data                                    0x2000005c   Section        4  gizwits_product.o(.data)
    timerMsCount                             0x2000005c   Data           4  gizwits_product.o(.data)
    .data                                    0x20000060   Section       16  gizwits_protocol.o(.data)
    lastReportTime                           0x20000060   Data           4  gizwits_protocol.o(.data)
    lastRepTime                              0x20000064   Data           4  gizwits_protocol.o(.data)
    protocolFlag                             0x20000068   Data           1  gizwits_protocol.o(.data)
    protocolCount                            0x2000006a   Data           2  gizwits_protocol.o(.data)
    lastData                                 0x2000006c   Data           1  gizwits_protocol.o(.data)
    debugCount                               0x2000006d   Data           1  gizwits_protocol.o(.data)
    lastStatus                               0x2000006e   Data           2  gizwits_protocol.o(.data)
    .bss                                     0x20000070   Section       70  main.o(.bss)
    .bss                                     0x200000b6   Section      200  usart.o(.bss)
    .bss                                     0x2000017e   Section       14  lcd.o(.bss)
    .bss                                     0x2000018c   Section       10  rtc.o(.bss)
    .bss                                     0x20000196   Section       17  gizwits_product.o(.bss)
    .bss                                     0x200001a7   Section      402  gizwits_protocol.o(.bss)
    rbBuf                                    0x200002fb   Data          62  gizwits_protocol.o(.bss)
    .bss                                     0x2000033c   Section       96  libspace.o(.bss)
    HEAP                                     0x200003a0   Section      512  startup_stm32f10x_hd.o(HEAP)
    Heap_Mem                                 0x200003a0   Data         512  startup_stm32f10x_hd.o(HEAP)
    STACK                                    0x200005a0   Section     1024  startup_stm32f10x_hd.o(STACK)
    Stack_Mem                                0x200005a0   Data        1024  startup_stm32f10x_hd.o(STACK)
    __initial_sp                             0x200009a0   Data           0  startup_stm32f10x_hd.o(STACK)

    Global Symbols

    Symbol Name                              Value     Ov Type        Size  Object(Section)

    BuildAttributes$$THM_ISAv4$P$D$K$B$S$PE$A:L22UL41UL21$X:L11$S22US41US21$IEEE1$IW$USESV6$~STKCKD$USESV7$~SHL$OSPACE$ROPI$EBA8$UX$STANDARDLIB$REQ8$PRES8$EABIv2 0x00000000   Number         0  anon$$obj.o ABSOLUTE
    __ARM_use_no_argv                        0x00000000   Number         0  main.o ABSOLUTE
    _printf_flags                            0x00000000   Number         0  printf_stubs.o ABSOLUTE
    _printf_return_value                     0x00000000   Number         0  printf_stubs.o ABSOLUTE
    _printf_sizespec                         0x00000000   Number         0  printf_stubs.o ABSOLUTE
    _printf_widthprec                        0x00000000   Number         0  printf_stubs.o ABSOLUTE
    __ARM_exceptions_init                     - Undefined Weak Reference
    __alloca_initialize                       - Undefined Weak Reference
    __arm_preinit_                            - Undefined Weak Reference
    __cpp_initialize__aeabi_                  - Undefined Weak Reference
    __cxa_finalize                            - Undefined Weak Reference
    __sigvec_lookup                           - Undefined Weak Reference
    _atexit_init                              - Undefined Weak Reference
    _call_atexit_fns                          - Undefined Weak Reference
    _clock_init                               - Undefined Weak Reference
    _fp_trap_init                             - Undefined Weak Reference
    _fp_trap_shutdown                         - Undefined Weak Reference
    _get_lc_collate                           - Undefined Weak Reference
    _get_lc_monetary                          - Undefined Weak Reference
    _get_lc_numeric                           - Undefined Weak Reference
    _get_lc_time                              - Undefined Weak Reference
    _getenv_init                              - Undefined Weak Reference
    _handle_redirection                       - Undefined Weak Reference
    _init_alloc                               - Undefined Weak Reference
    _init_user_alloc                          - Undefined Weak Reference
    _initio                                   - Undefined Weak Reference
    _mutex_acquire                            - Undefined Weak Reference
    _mutex_release                            - Undefined Weak Reference
    _printf_truncate_signed                   - Undefined Weak Reference
    _printf_truncate_unsigned                 - Undefined Weak Reference
    _rand_init                                - Undefined Weak Reference
    _signal_finish                            - Undefined Weak Reference
    _signal_init                              - Undefined Weak Reference
    _terminate_alloc                          - Undefined Weak Reference
    _terminate_user_alloc                     - Undefined Weak Reference
    _terminateio                              - Undefined Weak Reference
    __Vectors_Size                           0x00000130   Number         0  startup_stm32f10x_hd.o ABSOLUTE
    __Vectors                                0x08000000   Data           4  startup_stm32f10x_hd.o(RESET)
    __Vectors_End                            0x08000130   Data           0  startup_stm32f10x_hd.o(RESET)
    __main                                   0x08000131   Thumb Code     8  __main.o(!!!main)
    __scatterload                            0x08000139   Thumb Code     0  __scatter.o(!!!scatter)
    __scatterload_rt2                        0x08000139   Thumb Code    44  __scatter.o(!!!scatter)
    __scatterload_rt2_thumb_only             0x08000139   Thumb Code     0  __scatter.o(!!!scatter)
    __scatterload_null                       0x08000147   Thumb Code     0  __scatter.o(!!!scatter)
    __scatterload_copy                       0x0800016d   Thumb Code    26  __scatter_copy.o(!!handler_copy)
    __scatterload_zeroinit                   0x08000189   Thumb Code    28  __scatter_zi.o(!!handler_zi)
    _printf_d                                0x080001a5   Thumb Code     0  _printf_d.o(.ARM.Collect$$_printf_percent$$00000009)
    _printf_percent                          0x080001a5   Thumb Code     0  _printf_percent.o(.ARM.Collect$$_printf_percent$$00000000)
    _printf_x                                0x080001ab   Thumb Code     0  _printf_x.o(.ARM.Collect$$_printf_percent$$0000000C)
    _printf_percent_end                      0x080001b1   Thumb Code     0  _printf_percent_end.o(.ARM.Collect$$_printf_percent$$00000017)
    __rt_lib_init                            0x080001b5   Thumb Code     0  libinit.o(.ARM.Collect$$libinit$$00000000)
    __rt_lib_init_alloca_1                   0x080001b7   Thumb Code     0  libinit2.o(.ARM.Collect$$libinit$$0000002E)
    __rt_lib_init_argv_1                     0x080001b7   Thumb Code     0  libinit2.o(.ARM.Collect$$libinit$$0000002C)
    __rt_lib_init_atexit_1                   0x080001b7   Thumb Code     0  libinit2.o(.ARM.Collect$$libinit$$0000001B)
    __rt_lib_init_clock_1                    0x080001b7   Thumb Code     0  libinit2.o(.ARM.Collect$$libinit$$00000021)
    __rt_lib_init_cpp_1                      0x080001b7   Thumb Code     0  libinit2.o(.ARM.Collect$$libinit$$00000032)
    __rt_lib_init_exceptions_1               0x080001b7   Thumb Code     0  libinit2.o(.ARM.Collect$$libinit$$00000030)
    __rt_lib_init_fp_1                       0x080001b7   Thumb Code     0  libinit2.o(.ARM.Collect$$libinit$$00000002)
    __rt_lib_init_fp_trap_1                  0x080001b7   Thumb Code     0  libinit2.o(.ARM.Collect$$libinit$$0000001F)
    __rt_lib_init_getenv_1                   0x080001b7   Thumb Code     0  libinit2.o(.ARM.Collect$$libinit$$00000023)
    __rt_lib_init_heap_1                     0x080001b7   Thumb Code     0  libinit2.o(.ARM.Collect$$libinit$$0000000A)
    __rt_lib_init_lc_collate_1               0x080001b7   Thumb Code     0  libinit2.o(.ARM.Collect$$libinit$$00000011)
    __rt_lib_init_lc_ctype_1                 0x080001b7   Thumb Code     0  libinit2.o(.ARM.Collect$$libinit$$00000013)
    __rt_lib_init_lc_monetary_1              0x080001b7   Thumb Code     0  libinit2.o(.ARM.Collect$$libinit$$00000015)
    __rt_lib_init_lc_numeric_1               0x080001b7   Thumb Code     0  libinit2.o(.ARM.Collect$$libinit$$00000017)
    __rt_lib_init_lc_time_1                  0x080001b7   Thumb Code     0  libinit2.o(.ARM.Collect$$libinit$$00000019)
    __rt_lib_init_preinit_1                  0x080001b7   Thumb Code     0  libinit2.o(.ARM.Collect$$libinit$$00000004)
    __rt_lib_init_rand_1                     0x080001b7   Thumb Code     0  libinit2.o(.ARM.Collect$$libinit$$0000000E)
    __rt_lib_init_return                     0x080001b7   Thumb Code     0  libinit2.o(.ARM.Collect$$libinit$$00000033)
    __rt_lib_init_signal_1                   0x080001b7   Thumb Code     0  libinit2.o(.ARM.Collect$$libinit$$0000001D)
    __rt_lib_init_stdio_1                    0x080001b7   Thumb Code     0  libinit2.o(.ARM.Collect$$libinit$$00000025)
    __rt_lib_init_user_alloc_1               0x080001b7   Thumb Code     0  libinit2.o(.ARM.Collect$$libinit$$0000000C)
    __rt_lib_shutdown                        0x080001b9   Thumb Code     0  libshutdown.o(.ARM.Collect$$libshutdown$$00000000)
    __rt_lib_shutdown_fp_trap_1              0x080001bb   Thumb Code     0  libshutdown2.o(.ARM.Collect$$libshutdown$$00000006)
    __rt_lib_shutdown_heap_1                 0x080001bb   Thumb Code     0  libshutdown2.o(.ARM.Collect$$libshutdown$$0000000E)
    __rt_lib_shutdown_return                 0x080001bb   Thumb Code     0  libshutdown2.o(.ARM.Collect$$libshutdown$$0000000F)
    __rt_lib_shutdown_signal_1               0x080001bb   Thumb Code     0  libshutdown2.o(.ARM.Collect$$libshutdown$$00000009)
    __rt_lib_shutdown_stdio_1                0x080001bb   Thumb Code     0  libshutdown2.o(.ARM.Collect$$libshutdown$$00000003)
    __rt_lib_shutdown_user_alloc_1           0x080001bb   Thumb Code     0  libshutdown2.o(.ARM.Collect$$libshutdown$$0000000B)
    __rt_entry                               0x080001bd   Thumb Code     0  __rtentry.o(.ARM.Collect$$rtentry$$00000000)
    __rt_entry_presh_1                       0x080001bd   Thumb Code     0  __rtentry2.o(.ARM.Collect$$rtentry$$00000002)
    __rt_entry_sh                            0x080001bd   Thumb Code     0  __rtentry4.o(.ARM.Collect$$rtentry$$00000004)
    __rt_entry_li                            0x080001c3   Thumb Code     0  __rtentry2.o(.ARM.Collect$$rtentry$$0000000A)
    __rt_entry_postsh_1                      0x080001c3   Thumb Code     0  __rtentry2.o(.ARM.Collect$$rtentry$$00000009)
    __rt_entry_main                          0x080001c7   Thumb Code     0  __rtentry2.o(.ARM.Collect$$rtentry$$0000000D)
    __rt_entry_postli_1                      0x080001c7   Thumb Code     0  __rtentry2.o(.ARM.Collect$$rtentry$$0000000C)
    __rt_exit                                0x080001cf   Thumb Code     0  rtexit.o(.ARM.Collect$$rtexit$$00000000)
    __rt_exit_ls                             0x080001d1   Thumb Code     0  rtexit2.o(.ARM.Collect$$rtexit$$00000003)
    __rt_exit_prels_1                        0x080001d1   Thumb Code     0  rtexit2.o(.ARM.Collect$$rtexit$$00000002)
    __rt_exit_exit                           0x080001d5   Thumb Code     0  rtexit2.o(.ARM.Collect$$rtexit$$00000004)
    Reset_Handler                            0x080001dd   Thumb Code     8  startup_stm32f10x_hd.o(.text)
    ADC1_2_IRQHandler                        0x080001f7   Thumb Code     0  startup_stm32f10x_hd.o(.text)
    ADC3_IRQHandler                          0x080001f7   Thumb Code     0  startup_stm32f10x_hd.o(.text)
    CAN1_RX1_IRQHandler                      0x080001f7   Thumb Code     0  startup_stm32f10x_hd.o(.text)
    CAN1_SCE_IRQHandler                      0x080001f7   Thumb Code     0  startup_stm32f10x_hd.o(.text)
    DMA1_Channel1_IRQHandler                 0x080001f7   Thumb Code     0  startup_stm32f10x_hd.o(.text)
    DMA1_Channel2_IRQHandler                 0x080001f7   Thumb Code     0  startup_stm32f10x_hd.o(.text)
    DMA1_Channel3_IRQHandler                 0x080001f7   Thumb Code     0  startup_stm32f10x_hd.o(.text)
    DMA1_Channel4_IRQHandler                 0x080001f7   Thumb Code     0  startup_stm32f10x_hd.o(.text)
    DMA1_Channel5_IRQHandler                 0x080001f7   Thumb Code     0  startup_stm32f10x_hd.o(.text)
    DMA1_Channel6_IRQHandler                 0x080001f7   Thumb Code     0  startup_stm32f10x_hd.o(.text)
    DMA1_Channel7_IRQHandler                 0x080001f7   Thumb Code     0  startup_stm32f10x_hd.o(.text)
    DMA2_Channel1_IRQHandler                 0x080001f7   Thumb Code     0  startup_stm32f10x_hd.o(.text)
    DMA2_Channel2_IRQHandler                 0x080001f7   Thumb Code     0  startup_stm32f10x_hd.o(.text)
    DMA2_Channel3_IRQHandler                 0x080001f7   Thumb Code     0  startup_stm32f10x_hd.o(.text)
    DMA2_Channel4_5_IRQHandler               0x080001f7   Thumb Code     0  startup_stm32f10x_hd.o(.text)
    EXTI15_10_IRQHandler                     0x080001f7   Thumb Code     0  startup_stm32f10x_hd.o(.text)
    EXTI1_IRQHandler                         0x080001f7   Thumb Code     0  startup_stm32f10x_hd.o(.text)
    EXTI2_IRQHandler                         0x080001f7   Thumb Code     0  startup_stm32f10x_hd.o(.text)
    EXTI9_5_IRQHandler                       0x080001f7   Thumb Code     0  startup_stm32f10x_hd.o(.text)
    FLASH_IRQHandler                         0x080001f7   Thumb Code     0  startup_stm32f10x_hd.o(.text)
    FSMC_IRQHandler                          0x080001f7   Thumb Code     0  startup_stm32f10x_hd.o(.text)
    I2C1_ER_IRQHandler                       0x080001f7   Thumb Code     0  startup_stm32f10x_hd.o(.text)
    I2C1_EV_IRQHandler                       0x080001f7   Thumb Code     0  startup_stm32f10x_hd.o(.text)
    I2C2_ER_IRQHandler                       0x080001f7   Thumb Code     0  startup_stm32f10x_hd.o(.text)
    I2C2_EV_IRQHandler                       0x080001f7   Thumb Code     0  startup_stm32f10x_hd.o(.text)
    PVD_IRQHandler                           0x080001f7   Thumb Code     0  startup_stm32f10x_hd.o(.text)
    RCC_IRQHandler                           0x080001f7   Thumb Code     0  startup_stm32f10x_hd.o(.text)
    RTCAlarm_IRQHandler                      0x080001f7   Thumb Code     0  startup_stm32f10x_hd.o(.text)
    SDIO_IRQHandler                          0x080001f7   Thumb Code     0  startup_stm32f10x_hd.o(.text)
    SPI1_IRQHandler                          0x080001f7   Thumb Code     0  startup_stm32f10x_hd.o(.text)
    SPI2_IRQHandler                          0x080001f7   Thumb Code     0  startup_stm32f10x_hd.o(.text)
    SPI3_IRQHandler                          0x080001f7   Thumb Code     0  startup_stm32f10x_hd.o(.text)
    TAMPER_IRQHandler                        0x080001f7   Thumb Code     0  startup_stm32f10x_hd.o(.text)
    TIM1_BRK_IRQHandler                      0x080001f7   Thumb Code     0  startup_stm32f10x_hd.o(.text)
    TIM1_CC_IRQHandler                       0x080001f7   Thumb Code     0  startup_stm32f10x_hd.o(.text)
    TIM1_TRG_COM_IRQHandler                  0x080001f7   Thumb Code     0  startup_stm32f10x_hd.o(.text)
    TIM1_UP_IRQHandler                       0x080001f7   Thumb Code     0  startup_stm32f10x_hd.o(.text)
    TIM2_IRQHandler                          0x080001f7   Thumb Code     0  startup_stm32f10x_hd.o(.text)
    TIM4_IRQHandler                          0x080001f7   Thumb Code     0  startup_stm32f10x_hd.o(.text)
    TIM5_IRQHandler                          0x080001f7   Thumb Code     0  startup_stm32f10x_hd.o(.text)
    TIM6_IRQHandler                          0x080001f7   Thumb Code     0  startup_stm32f10x_hd.o(.text)
    TIM7_IRQHandler                          0x080001f7   Thumb Code     0  startup_stm32f10x_hd.o(.text)
    TIM8_BRK_IRQHandler                      0x080001f7   Thumb Code     0  startup_stm32f10x_hd.o(.text)
    TIM8_CC_IRQHandler                       0x080001f7   Thumb Code     0  startup_stm32f10x_hd.o(.text)
    TIM8_TRG_COM_IRQHandler                  0x080001f7   Thumb Code     0  startup_stm32f10x_hd.o(.text)
    TIM8_UP_IRQHandler                       0x080001f7   Thumb Code     0  startup_stm32f10x_hd.o(.text)
    UART4_IRQHandler                         0x080001f7   Thumb Code     0  startup_stm32f10x_hd.o(.text)
    UART5_IRQHandler                         0x080001f7   Thumb Code     0  startup_stm32f10x_hd.o(.text)
    USART2_IRQHandler                        0x080001f7   Thumb Code     0  startup_stm32f10x_hd.o(.text)
    USBWakeUp_IRQHandler                     0x080001f7   Thumb Code     0  startup_stm32f10x_hd.o(.text)
    USB_HP_CAN1_TX_IRQHandler                0x080001f7   Thumb Code     0  startup_stm32f10x_hd.o(.text)
    USB_LP_CAN1_RX0_IRQHandler               0x080001f7   Thumb Code     0  startup_stm32f10x_hd.o(.text)
    WWDG_IRQHandler                          0x080001f7   Thumb Code     0  startup_stm32f10x_hd.o(.text)
    __user_initial_stackheap                 0x080001f9   Thumb Code     0  startup_stm32f10x_hd.o(.text)
    __use_no_semihosting                     0x0800021d   Thumb Code     2  use_no_semi_2.o(.text)
    __2printf                                0x08000221   Thumb Code    20  noretval__2printf.o(.text)
    __2sprintf                               0x08000239   Thumb Code    34  noretval__2sprintf.o(.text)
    _printf_pre_padding                      0x08000261   Thumb Code    44  _printf_pad.o(.text)
    _printf_post_padding                     0x0800028d   Thumb Code    34  _printf_pad.o(.text)
    _printf_int_dec                          0x080002b1   Thumb Code   104  _printf_dec.o(.text)
    _printf_int_hex                          0x08000329   Thumb Code    84  _printf_hex_int.o(.text)
    _printf_longlong_hex                     0x08000329   Thumb Code     0  _printf_hex_int.o(.text)
    __printf                                 0x08000381   Thumb Code   308  __printf_flags_wp.o(.text)
    memcmp                                   0x080004b9   Thumb Code    88  memcmp.o(.text)
    __aeabi_memcpy                           0x08000511   Thumb Code     0  rt_memcpy_v6.o(.text)
    __rt_memcpy                              0x08000511   Thumb Code   138  rt_memcpy_v6.o(.text)
    _memcpy_lastbytes                        0x08000577   Thumb Code     0  rt_memcpy_v6.o(.text)
    __aeabi_memcpy4                          0x0800059b   Thumb Code     0  rt_memcpy_w.o(.text)
    __aeabi_memcpy8                          0x0800059b   Thumb Code     0  rt_memcpy_w.o(.text)
    __rt_memcpy_w                            0x0800059b   Thumb Code   100  rt_memcpy_w.o(.text)
    _memcpy_lastbytes_aligned                0x080005e3   Thumb Code     0  rt_memcpy_w.o(.text)
    __aeabi_memclr                           0x080005ff   Thumb Code     0  rt_memclr.o(.text)
    __rt_memclr                              0x080005ff   Thumb Code    68  rt_memclr.o(.text)
    _memset                                  0x08000603   Thumb Code     0  rt_memclr.o(.text)
    __use_two_region_memory                  0x08000643   Thumb Code     2  heapauxi.o(.text)
    __rt_heap_escrow$2region                 0x08000645   Thumb Code     2  heapauxi.o(.text)
    __rt_heap_expand$2region                 0x08000647   Thumb Code     2  heapauxi.o(.text)
    __I$use$semihosting                      0x08000649   Thumb Code     0  use_no_semi.o(.text)
    __use_no_semihosting_swi                 0x08000649   Thumb Code     2  use_no_semi.o(.text)
    _printf_int_common                       0x0800064b   Thumb Code   178  _printf_intcommon.o(.text)
    _printf_char_common                      0x08000707   Thumb Code    32  _printf_char_common.o(.text)
    _sputc                                   0x0800072d   Thumb Code    10  _sputc.o(.text)
    _printf_char_file                        0x08000739   Thumb Code    32  _printf_char_file.o(.text)
    __aeabi_memclr4                          0x0800075d   Thumb Code     0  rt_memclr_w.o(.text)
    __aeabi_memclr8                          0x0800075d   Thumb Code     0  rt_memclr_w.o(.text)
    __rt_memclr_w                            0x0800075d   Thumb Code    78  rt_memclr_w.o(.text)
    _memset_w                                0x08000761   Thumb Code     0  rt_memclr_w.o(.text)
    ferror                                   0x080007ab   Thumb Code     8  ferror.o(.text)
    __user_libspace                          0x080007b5   Thumb Code     8  libspace.o(.text)
    __user_perproc_libspace                  0x080007b5   Thumb Code     0  libspace.o(.text)
    __user_perthread_libspace                0x080007b5   Thumb Code     0  libspace.o(.text)
    __user_setup_stackheap                   0x080007bd   Thumb Code    74  sys_stackheap_outer.o(.text)
    exit                                     0x08000807   Thumb Code    12  exit.o(.text)
    ADC_Cmd                                  0x08000813   Thumb Code    22  stm32f10x_adc.o(i.ADC_Cmd)
    ADC_DeInit                               0x08000829   Thumb Code    78  stm32f10x_adc.o(i.ADC_DeInit)
    ADC_GetCalibrationStatus                 0x08000885   Thumb Code    20  stm32f10x_adc.o(i.ADC_GetCalibrationStatus)
    ADC_GetConversionValue                   0x08000899   Thumb Code     8  stm32f10x_adc.o(i.ADC_GetConversionValue)
    ADC_GetFlagStatus                        0x080008a1   Thumb Code    18  stm32f10x_adc.o(i.ADC_GetFlagStatus)
    ADC_GetResetCalibrationStatus            0x080008b3   Thumb Code    20  stm32f10x_adc.o(i.ADC_GetResetCalibrationStatus)
    ADC_Init                                 0x080008c9   Thumb Code    70  stm32f10x_adc.o(i.ADC_Init)
    ADC_RegularChannelConfig                 0x08000919   Thumb Code   184  stm32f10x_adc.o(i.ADC_RegularChannelConfig)
    ADC_ResetCalibration                     0x080009d1   Thumb Code    10  stm32f10x_adc.o(i.ADC_ResetCalibration)
    ADC_SoftwareStartConvCmd                 0x080009db   Thumb Code    22  stm32f10x_adc.o(i.ADC_SoftwareStartConvCmd)
    ADC_StartCalibration                     0x080009f1   Thumb Code    10  stm32f10x_adc.o(i.ADC_StartCalibration)
    Adc_Init                                 0x080009fd   Thumb Code   132  adc.o(i.Adc_Init)
    BEEP_Init                                0x08000a89   Thumb Code    50  beep.o(i.BEEP_Init)
    BKP_DeInit                               0x08000ac1   Thumb Code    16  stm32f10x_bkp.o(i.BKP_DeInit)
    BKP_ReadBackupRegister                   0x08000ad1   Thumb Code    24  stm32f10x_bkp.o(i.BKP_ReadBackupRegister)
    BKP_WriteBackupRegister                  0x08000aed   Thumb Code    22  stm32f10x_bkp.o(i.BKP_WriteBackupRegister)
    BusFault_Handler                         0x08000b09   Thumb Code     4  stm32f10x_it.o(i.BusFault_Handler)
    Check_WKUP                               0x08000b0d   Thumb Code    54  wkup.o(i.Check_WKUP)
    DHT11_Check                              0x08000b4d   Thumb Code    92  dht11.o(i.DHT11_Check)
    DHT11_Init                               0x08000bb1   Thumb Code    58  dht11.o(i.DHT11_Init)
    DHT11_Read_Bit                           0x08000bf1   Thumb Code    70  dht11.o(i.DHT11_Read_Bit)
    DHT11_Read_Byte                          0x08000c3d   Thumb Code    30  dht11.o(i.DHT11_Read_Byte)
    DHT11_Read_Data                          0x08000c5b   Thumb Code    88  dht11.o(i.DHT11_Read_Data)
    DHT11_Rst                                0x08000cb5   Thumb Code    52  dht11.o(i.DHT11_Rst)
    DebugMon_Handler                         0x08000cf5   Thumb Code     2  stm32f10x_it.o(i.DebugMon_Handler)
    EXTI0_IRQHandler                         0x08000cf7   Thumb Code    20  wkup.o(i.EXTI0_IRQHandler)
    EXTI3_IRQHandler                         0x08000d0d   Thumb Code    30  exti.o(i.EXTI3_IRQHandler)
    EXTI4_IRQHandler                         0x08000d31   Thumb Code    30  exti.o(i.EXTI4_IRQHandler)
    EXTIX_Init                               0x08000d55   Thumb Code   176  exti.o(i.EXTIX_Init)
    EXTI_ClearITPendingBit                   0x08000e05   Thumb Code     6  stm32f10x_exti.o(i.EXTI_ClearITPendingBit)
    EXTI_Init                                0x08000e11   Thumb Code   142  stm32f10x_exti.o(i.EXTI_Init)
    FSMC_NORSRAMCmd                          0x08000ea5   Thumb Code    46  stm32f10x_fsmc.o(i.FSMC_NORSRAMCmd)
    FSMC_NORSRAMInit                         0x08000ed9   Thumb Code   230  stm32f10x_fsmc.o(i.FSMC_NORSRAMInit)
    GPIO_EXTILineConfig                      0x08000fc1   Thumb Code    60  stm32f10x_gpio.o(i.GPIO_EXTILineConfig)
    GPIO_Init                                0x08001001   Thumb Code   278  stm32f10x_gpio.o(i.GPIO_Init)
    GPIO_ReadInputDataBit                    0x08001117   Thumb Code    18  stm32f10x_gpio.o(i.GPIO_ReadInputDataBit)
    GPIO_ResetBits                           0x08001129   Thumb Code     4  stm32f10x_gpio.o(i.GPIO_ResetBits)
    GPIO_SetBits                             0x0800112d   Thumb Code     4  stm32f10x_gpio.o(i.GPIO_SetBits)
    Get_Adc                                  0x08001131   Thumb Code    46  adc.o(i.Get_Adc)
    Get_Adc_Average                          0x08001165   Thumb Code    46  adc.o(i.Get_Adc_Average)
    Gizwits_Init                             0x08001195   Thumb Code    34  main.o(i.Gizwits_Init)
    HardFault_Handler                        0x080011bd   Thumb Code     4  stm32f10x_it.o(i.HardFault_Handler)
    Init                                     0x080011c1   Thumb Code   332  main.o(i.Init)
    Is_Leap_Year                             0x08001385   Thumb Code    58  rtc.o(i.Is_Leap_Year)
    KEY_Init                                 0x080013c1   Thumb Code    52  key.o(i.KEY_Init)
    KEY_Scan                                 0x080013fd   Thumb Code   150  key.o(i.KEY_Scan)
    LCD_Clear                                0x080014a1   Thumb Code   100  lcd.o(i.LCD_Clear)
    LCD_Display_Dir                          0x0800150d   Thumb Code   444  lcd.o(i.LCD_Display_Dir)
    LCD_Fast_DrawPoint                       0x080016cd   Thumb Code   370  lcd.o(i.LCD_Fast_DrawPoint)
    LCD_Fill                                 0x08001849   Thumb Code   178  lcd.o(i.LCD_Fill)
    LCD_Init                                 0x08001905   Thumb Code 14180  lcd.o(i.LCD_Init)
    LCD_Pow                                  0x08005071   Thumb Code    22  lcd.o(i.LCD_Pow)
    LCD_RD_DATA                              0x08005089   Thumb Code    14  lcd.o(i.LCD_RD_DATA)
    LCD_ReadReg                              0x0800509d   Thumb Code    22  lcd.o(i.LCD_ReadReg)
    LCD_SSD_BackLightSet                     0x080050b5   Thumb Code    80  lcd.o(i.LCD_SSD_BackLightSet)
    LCD_Scan_Dir                             0x08005109   Thumb Code   744  lcd.o(i.LCD_Scan_Dir)
    LCD_SetCursor                            0x080053f5   Thumb Code   418  lcd.o(i.LCD_SetCursor)
    LCD_ShowChar                             0x0800559d   Thumb Code   272  lcd.o(i.LCD_ShowChar)
    LCD_ShowNum                              0x080056c5   Thumb Code   148  lcd.o(i.LCD_ShowNum)
    LCD_ShowString                           0x08005759   Thumb Code   102  lcd.o(i.LCD_ShowString)
    LCD_ShowxNum                             0x080057bf   Thumb Code   190  lcd.o(i.LCD_ShowxNum)
    LCD_WR_DATA                              0x0800587d   Thumb Code     6  lcd.o(i.LCD_WR_DATA)
    LCD_WR_REG                               0x08005889   Thumb Code     6  lcd.o(i.LCD_WR_REG)
    LCD_WriteRAM_Prepare                     0x08005895   Thumb Code    10  lcd.o(i.LCD_WriteRAM_Prepare)
    LCD_WriteReg                             0x080058a9   Thumb Code    10  lcd.o(i.LCD_WriteReg)
    LED_Init                                 0x080058b9   Thumb Code    68  led.o(i.LED_Init)
    MemManage_Handler                        0x08005905   Thumb Code     4  stm32f10x_it.o(i.MemManage_Handler)
    NMI_Handler                              0x08005909   Thumb Code     2  stm32f10x_it.o(i.NMI_Handler)
    NVIC_Init                                0x0800590d   Thumb Code   100  misc.o(i.NVIC_Init)
    NVIC_PriorityGroupConfig                 0x0800597d   Thumb Code    10  misc.o(i.NVIC_PriorityGroupConfig)
    PWR_BackupAccessCmd                      0x08005991   Thumb Code     6  stm32f10x_pwr.o(i.PWR_BackupAccessCmd)
    PWR_EnterSTANDBYMode                     0x0800599d   Thumb Code    42  stm32f10x_pwr.o(i.PWR_EnterSTANDBYMode)
    PWR_WakeUpPinCmd                         0x080059d1   Thumb Code     6  stm32f10x_pwr.o(i.PWR_WakeUpPinCmd)
    PendSV_Handler                           0x080059dd   Thumb Code     2  stm32f10x_it.o(i.PendSV_Handler)
    RCC_ADCCLKConfig                         0x080059e1   Thumb Code    18  stm32f10x_rcc.o(i.RCC_ADCCLKConfig)
    RCC_AHBPeriphClockCmd                    0x080059f9   Thumb Code    26  stm32f10x_rcc.o(i.RCC_AHBPeriphClockCmd)
    RCC_APB1PeriphClockCmd                   0x08005a19   Thumb Code    26  stm32f10x_rcc.o(i.RCC_APB1PeriphClockCmd)
    RCC_APB1PeriphResetCmd                   0x08005a39   Thumb Code    26  stm32f10x_rcc.o(i.RCC_APB1PeriphResetCmd)
    RCC_APB2PeriphClockCmd                   0x08005a59   Thumb Code    26  stm32f10x_rcc.o(i.RCC_APB2PeriphClockCmd)
    RCC_APB2PeriphResetCmd                   0x08005a79   Thumb Code    26  stm32f10x_rcc.o(i.RCC_APB2PeriphResetCmd)
    RCC_BackupResetCmd                       0x08005a99   Thumb Code     6  stm32f10x_rcc.o(i.RCC_BackupResetCmd)
    RCC_GetClocksFreq                        0x08005aa5   Thumb Code   192  stm32f10x_rcc.o(i.RCC_GetClocksFreq)
    RCC_GetFlagStatus                        0x08005b79   Thumb Code    56  stm32f10x_rcc.o(i.RCC_GetFlagStatus)
    RCC_LSEConfig                            0x08005bb5   Thumb Code    46  stm32f10x_rcc.o(i.RCC_LSEConfig)
    RCC_RTCCLKCmd                            0x08005be9   Thumb Code     6  stm32f10x_rcc.o(i.RCC_RTCCLKCmd)
    RCC_RTCCLKConfig                         0x08005bf5   Thumb Code    12  stm32f10x_rcc.o(i.RCC_RTCCLKConfig)
    RELAY_Init                               0x08005c05   Thumb Code    46  relay.o(i.RELAY_Init)
    RTC_ClearITPendingBit                    0x08005c39   Thumb Code    12  stm32f10x_rtc.o(i.RTC_ClearITPendingBit)
    RTC_EnterConfigMode                      0x08005c49   Thumb Code    14  stm32f10x_rtc.o(i.RTC_EnterConfigMode)
    RTC_ExitConfigMode                       0x08005c5d   Thumb Code    16  stm32f10x_rtc.o(i.RTC_ExitConfigMode)
    RTC_Get                                  0x08005c71   Thumb Code   240  rtc.o(i.RTC_Get)
    RTC_GetCounter                           0x08005d71   Thumb Code    16  stm32f10x_rtc.o(i.RTC_GetCounter)
    RTC_GetITStatus                          0x08005d85   Thumb Code    32  stm32f10x_rtc.o(i.RTC_GetITStatus)
    RTC_Get_Week                             0x08005da9   Thumb Code   116  rtc.o(i.RTC_Get_Week)
    RTC_IRQHandler                           0x08005e21   Thumb Code    76  rtc.o(i.RTC_IRQHandler)
    RTC_ITConfig                             0x08005e91   Thumb Code    26  stm32f10x_rtc.o(i.RTC_ITConfig)
    RTC_Init                                 0x08005eb1   Thumb Code   192  rtc.o(i.RTC_Init)
    RTC_Set                                  0x08005f91   Thumb Code   184  rtc.o(i.RTC_Set)
    RTC_SetCounter                           0x08006059   Thumb Code    24  stm32f10x_rtc.o(i.RTC_SetCounter)
    RTC_SetPrescaler                         0x08006075   Thumb Code    26  stm32f10x_rtc.o(i.RTC_SetPrescaler)
    RTC_WaitForLastTask                      0x08006095   Thumb Code    16  stm32f10x_rtc.o(i.RTC_WaitForLastTask)
    RTC_WaitForSynchro                       0x080060a9   Thumb Code    30  stm32f10x_rtc.o(i.RTC_WaitForSynchro)
    SVC_Handler                              0x080060cd   Thumb Code     2  stm32f10x_it.o(i.SVC_Handler)
    SysTick_CLKSourceConfig                  0x080061b9   Thumb Code    40  misc.o(i.SysTick_CLKSourceConfig)
    SysTick_Handler                          0x080061e1   Thumb Code     2  stm32f10x_it.o(i.SysTick_Handler)
    Sys_Enter_Standby                        0x080061e3   Thumb Code    18  wkup.o(i.Sys_Enter_Standby)
    Sys_Standby                              0x080061f5   Thumb Code    22  wkup.o(i.Sys_Standby)
    SystemInit                               0x0800620d   Thumb Code    78  system_stm32f10x.o(i.SystemInit)
    TIM3_IRQHandler                          0x0800626d   Thumb Code    30  timer.o(i.TIM3_IRQHandler)
    TIM3_Int_Init                            0x08006291   Thumb Code    90  timer.o(i.TIM3_Int_Init)
    TIM_ClearITPendingBit                    0x080062f1   Thumb Code     6  stm32f10x_tim.o(i.TIM_ClearITPendingBit)
    TIM_Cmd                                  0x080062f7   Thumb Code    24  stm32f10x_tim.o(i.TIM_Cmd)
    TIM_GetITStatus                          0x0800630f   Thumb Code    34  stm32f10x_tim.o(i.TIM_GetITStatus)
    TIM_ITConfig                             0x08006331   Thumb Code    18  stm32f10x_tim.o(i.TIM_ITConfig)
    TIM_TimeBaseInit                         0x08006345   Thumb Code   122  stm32f10x_tim.o(i.TIM_TimeBaseInit)
    USART1_IRQHandler                        0x080063e9   Thumb Code   122  usart.o(i.USART1_IRQHandler)
    USART3_IRQHandler                        0x08006471   Thumb Code    34  usart3.o(i.USART3_IRQHandler)
    USART_Cmd                                0x08006499   Thumb Code    24  stm32f10x_usart.o(i.USART_Cmd)
    USART_DeInit                             0x080064b1   Thumb Code   134  stm32f10x_usart.o(i.USART_DeInit)
    USART_GetFlagStatus                      0x0800654d   Thumb Code    26  stm32f10x_usart.o(i.USART_GetFlagStatus)
    USART_GetITStatus                        0x08006567   Thumb Code    84  stm32f10x_usart.o(i.USART_GetITStatus)
    USART_ITConfig                           0x080065bb   Thumb Code    74  stm32f10x_usart.o(i.USART_ITConfig)
    USART_Init                               0x08006605   Thumb Code   210  stm32f10x_usart.o(i.USART_Init)
    USART_ReceiveData                        0x080066dd   Thumb Code    10  stm32f10x_usart.o(i.USART_ReceiveData)
    USART_SendData                           0x080066e7   Thumb Code     8  stm32f10x_usart.o(i.USART_SendData)
    UsageFault_Handler                       0x080066ef   Thumb Code     4  stm32f10x_it.o(i.UsageFault_Handler)
    WKUP_Init                                0x080066f5   Thumb Code   106  wkup.o(i.WKUP_Init)
    _is_digit                                0x08006765   Thumb Code    14  __printf_wp.o(i._is_digit)
    _sys_exit                                0x08006773   Thumb Code     6  usart.o(i._sys_exit)
    delay_init                               0x08006779   Thumb Code    50  delay.o(i.delay_init)
    delay_ms                                 0x080067bd   Thumb Code    72  delay.o(i.delay_ms)
    delay_us                                 0x08006809   Thumb Code    72  delay.o(i.delay_us)
    exchangeBytes                            0x08006855   Thumb Code    26  common.o(i.exchangeBytes)
    exchangeWord                             0x0800686f   Thumb Code    26  common.o(i.exchangeWord)
    fputc                                    0x08006889   Thumb Code    24  usart.o(i.fputc)
    gizAcrossByteJudge                       0x080068a5   Thumb Code    42  datapointtools.o(i.gizAcrossByteJudge)
    gizByteOrderExchange                     0x080068cf   Thumb Code    50  datapointtools.o(i.gizByteOrderExchange)
    gizGetTimerCount                         0x08006d25   Thumb Code     6  gizwits_product.o(i.gizGetTimerCount)
    gizProtocolSum                           0x08007b49   Thumb Code    38  common.o(i.gizProtocolSum)
    gizPutData                               0x08007c1d   Thumb Code    52  gizwits_protocol.o(i.gizPutData)
    gizStandardCompressValue                 0x08007d65   Thumb Code   128  datapointtools.o(i.gizStandardCompressValue)
    gizStandardDecompressionValue            0x08007de5   Thumb Code   194  datapointtools.o(i.gizStandardDecompressionValue)
    gizTimerMs                               0x08007ea9   Thumb Code    12  gizwits_product.o(i.gizTimerMs)
    gizY2X                                   0x08007eb9   Thumb Code    14  datapointtools.o(i.gizY2X)
    gizY2XFloat                              0x08007ec7   Thumb Code    42  datapointtools.o(i.gizY2XFloat)
    gizwitsEventProcess                      0x08007ef1   Thumb Code   370  gizwits_product.o(i.gizwitsEventProcess)
    gizwitsHandle                            0x08008161   Thumb Code   544  gizwits_protocol.o(i.gizwitsHandle)
    gizwitsInit                              0x08008479   Thumb Code    46  gizwits_protocol.o(i.gizwitsInit)
    gizwitsSetMode                           0x080084dd   Thumb Code   590  gizwits_protocol.o(i.gizwitsSetMode)
    main                                     0x08008765   Thumb Code   146  main.o(i.main)
    mcuRestart                               0x08008865   Thumb Code    38  gizwits_product.o(i.mcuRestart)
    rbCanRead                                0x08008895   Thumb Code    56  ringbuffer.o(i.rbCanRead)
    rbCanWrite                               0x080088cd   Thumb Code    30  ringbuffer.o(i.rbCanWrite)
    rbCapacity                               0x080088eb   Thumb Code    14  ringbuffer.o(i.rbCapacity)
    rbCreate                                 0x080088f9   Thumb Code    22  ringbuffer.o(i.rbCreate)
    rbRead                                   0x0800890f   Thumb Code   162  ringbuffer.o(i.rbRead)
    rbWrite                                  0x080089b1   Thumb Code   154  ringbuffer.o(i.rbWrite)
    relay_off                                0x08008a4d   Thumb Code    12  relay.o(i.relay_off)
    relay_on                                 0x08008a5d   Thumb Code    12  relay.o(i.relay_on)
    rtc                                      0x08008a6d   Thumb Code   306  timer.o(i.rtc)
    show                                     0x08008bf9   Thumb Code   408  main.o(i.show)
    uartWrite                                0x08008dd9   Thumb Code    82  gizwits_product.o(i.uartWrite)
    uart_init                                0x08008e31   Thumb Code   152  usart.o(i.uart_init)
    usart3_init                              0x08008ed1   Thumb Code   166  usart3.o(i.usart3_init)
    userHandle                               0x08008f81   Thumb Code   624  main.o(i.userHandle)
    __aeabi_d2f                              0x0800925d   Thumb Code     0  d2f.o(x$fpl$d2f)
    _d2f                                     0x0800925d   Thumb Code    98  d2f.o(x$fpl$d2f)
    __aeabi_dadd                             0x080092c1   Thumb Code     0  daddsub_clz.o(x$fpl$dadd)
    _dadd                                    0x080092c1   Thumb Code   332  daddsub_clz.o(x$fpl$dadd)
    __aeabi_d2uiz                            0x08009411   Thumb Code     0  dfixu.o(x$fpl$dfixu)
    _dfixu                                   0x08009411   Thumb Code    90  dfixu.o(x$fpl$dfixu)
    __aeabi_ui2d                             0x0800946b   Thumb Code     0  dflt_clz.o(x$fpl$dfltu)
    _dfltu                                   0x0800946b   Thumb Code    38  dflt_clz.o(x$fpl$dfltu)
    __aeabi_dmul                             0x08009491   Thumb Code     0  dmul.o(x$fpl$dmul)
    _dmul                                    0x08009491   Thumb Code   332  dmul.o(x$fpl$dmul)
    __fpl_dnaninf                            0x080095e5   Thumb Code   156  dnaninf.o(x$fpl$dnaninf)
    __fpl_dretinf                            0x08009681   Thumb Code    12  dretinf.o(x$fpl$dretinf)
    __aeabi_dsub                             0x0800968d   Thumb Code     0  daddsub_clz.o(x$fpl$dsub)
    _dsub                                    0x0800968d   Thumb Code   464  daddsub_clz.o(x$fpl$dsub)
    __aeabi_f2d                              0x08009861   Thumb Code     0  f2d.o(x$fpl$f2d)
    _f2d                                     0x08009861   Thumb Code    86  f2d.o(x$fpl$f2d)
    __aeabi_fadd                             0x080098b9   Thumb Code     0  faddsub_clz.o(x$fpl$fadd)
    _fadd                                    0x080098b9   Thumb Code   196  faddsub_clz.o(x$fpl$fadd)
    __fpl_fcmp_Inf                           0x0800997d   Thumb Code    24  fcmpi.o(x$fpl$fcmpinf)
    __aeabi_fdiv                             0x08009995   Thumb Code     0  fdiv.o(x$fpl$fdiv)
    _fdiv                                    0x08009995   Thumb Code   384  fdiv.o(x$fpl$fdiv)
    __aeabi_cfcmpeq                          0x08009b19   Thumb Code     0  feqf.o(x$fpl$feqf)
    _fcmpeq                                  0x08009b19   Thumb Code   104  feqf.o(x$fpl$feqf)
    __aeabi_f2uiz                            0x08009b81   Thumb Code     0  ffixu.o(x$fpl$ffixu)
    _ffixu                                   0x08009b81   Thumb Code    62  ffixu.o(x$fpl$ffixu)
    __aeabi_ui2f                             0x08009bc1   Thumb Code     0  fflt_clz.o(x$fpl$ffltu)
    _ffltu                                   0x08009bc1   Thumb Code    38  fflt_clz.o(x$fpl$ffltu)
    __aeabi_fmul                             0x08009be9   Thumb Code     0  fmul.o(x$fpl$fmul)
    _fmul                                    0x08009be9   Thumb Code   258  fmul.o(x$fpl$fmul)
    __fpl_fnaninf                            0x08009ceb   Thumb Code   140  fnaninf.o(x$fpl$fnaninf)
    __fpl_fretinf                            0x08009d77   Thumb Code    10  fretinf.o(x$fpl$fretinf)
    __aeabi_frsub                            0x08009d81   Thumb Code     0  faddsub_clz.o(x$fpl$frsb)
    _frsb                                    0x08009d81   Thumb Code    20  faddsub_clz.o(x$fpl$frsb)
    __aeabi_fsub                             0x08009d95   Thumb Code     0  faddsub_clz.o(x$fpl$fsub)
    _fsub                                    0x08009d95   Thumb Code   234  faddsub_clz.o(x$fpl$fsub)
    __I$use$fp                               0x08009e7e   Number         0  usenofp.o(x$fpl$usenofp)
    asc2_1206                                0x08009e7e   Data        1140  lcd.o(.constdata)
    asc2_1608                                0x0800a2f2   Data        1520  lcd.o(.constdata)
    asc2_2412                                0x0800a8e2   Data        3420  lcd.o(.constdata)
    table_week                               0x0800b63e   Data          12  rtc.o(.constdata)
    mon_table                                0x0800b64a   Data          12  rtc.o(.constdata)
    Region$$Table$$Base                      0x0800b690   Number         0  anon$$obj.o(Region$$Table)
    Region$$Table$$Limit                     0x0800b6b0   Number         0  anon$$obj.o(Region$$Table)
    wifi_sta                                 0x20000000   Data           1  main.o(.data)
    j                                        0x20000002   Data           2  main.o(.data)
    g                                        0x20000004   Data           4  main.o(.data)
    temperature                              0x20000008   Data           1  main.o(.data)
    humidity                                 0x20000009   Data           1  main.o(.data)
    adcx                                     0x2000000c   Data           2  main.o(.data)
    adcy                                     0x2000000e   Data           2  main.o(.data)
    tempx                                    0x20000010   Data           4  main.o(.data)
    tempy                                    0x20000014   Data           4  main.o(.data)
    read_buff                                0x20000018   Data           5  main.o(.data)
    read_sta                                 0x2000001d   Data           1  main.o(.data)
    SystemCoreClock                          0x20000020   Data           4  system_stm32f10x.o(.data)
    AHBPrescTable                            0x20000024   Data          16  system_stm32f10x.o(.data)
    __stdout                                 0x2000004c   Data           4  usart.o(.data)
    USART_RX_STA                             0x20000050   Data           2  usart.o(.data)
    POINT_COLOR                              0x20000054   Data           2  lcd.o(.data)
    BACK_COLOR                               0x20000056   Data           2  lcd.o(.data)
    lcd_buff                                 0x20000070   Data          70  main.o(.bss)
    USART_RX_BUF                             0x200000b6   Data         200  usart.o(.bss)
    lcddev                                   0x2000017e   Data          14  lcd.o(.bss)
    calendar                                 0x2000018c   Data          10  rtc.o(.bss)
    currentDataPoint                         0x20000196   Data          17  gizwits_product.o(.bss)
    gizwitsProtocol                          0x200001a7   Data         324  gizwits_protocol.o(.bss)
    pRb                                      0x200002eb   Data          16  gizwits_protocol.o(.bss)
    __libspace_start                         0x2000033c   Data          96  libspace.o(.bss)
    __temporary_stack_top$libspace           0x2000039c   Data           0  libspace.o(.bss)



==============================================================================

Memory Map of the image

  Image Entry point : 0x08000131

  Load Region LR_IROM1 (Base: 0x08000000, Size: 0x0000b720, Max: 0x00080000, ABSOLUTE)

    Execution Region ER_IROM1 (Base: 0x08000000, Size: 0x0000b6b0, Max: 0x00080000, ABSOLUTE)

    Base Addr    Size         Type   Attr      Idx    E Section Name        Object

    0x08000000   0x00000130   Data   RO          340    RESET               startup_stm32f10x_hd.o
    0x08000130   0x00000008   Code   RO         3665  * !!!main             c_w.l(__main.o)
    0x08000138   0x00000034   Code   RO         3905    !!!scatter          c_w.l(__scatter.o)
    0x0800016c   0x0000001a   Code   RO         3907    !!handler_copy      c_w.l(__scatter_copy.o)
    0x08000186   0x00000002   PAD
    0x08000188   0x0000001c   Code   RO         3909    !!handler_zi        c_w.l(__scatter_zi.o)
    0x080001a4   0x00000000   Code   RO         3652    .ARM.Collect$$_printf_percent$$00000000  c_w.l(_printf_percent.o)
    0x080001a4   0x00000006   Code   RO         3651    .ARM.Collect$$_printf_percent$$00000009  c_w.l(_printf_d.o)
    0x080001aa   0x00000006   Code   RO         3650    .ARM.Collect$$_printf_percent$$0000000C  c_w.l(_printf_x.o)
    0x080001b0   0x00000004   Code   RO         3726    .ARM.Collect$$_printf_percent$$00000017  c_w.l(_printf_percent_end.o)
    0x080001b4   0x00000002   Code   RO         3783    .ARM.Collect$$libinit$$00000000  c_w.l(libinit.o)
    0x080001b6   0x00000000   Code   RO         3785    .ARM.Collect$$libinit$$00000002  c_w.l(libinit2.o)
    0x080001b6   0x00000000   Code   RO         3787    .ARM.Collect$$libinit$$00000004  c_w.l(libinit2.o)
    0x080001b6   0x00000000   Code   RO         3790    .ARM.Collect$$libinit$$0000000A  c_w.l(libinit2.o)
    0x080001b6   0x00000000   Code   RO         3792    .ARM.Collect$$libinit$$0000000C  c_w.l(libinit2.o)
    0x080001b6   0x00000000   Code   RO         3794    .ARM.Collect$$libinit$$0000000E  c_w.l(libinit2.o)
    0x080001b6   0x00000000   Code   RO         3797    .ARM.Collect$$libinit$$00000011  c_w.l(libinit2.o)
    0x080001b6   0x00000000   Code   RO         3799    .ARM.Collect$$libinit$$00000013  c_w.l(libinit2.o)
    0x080001b6   0x00000000   Code   RO         3801    .ARM.Collect$$libinit$$00000015  c_w.l(libinit2.o)
    0x080001b6   0x00000000   Code   RO         3803    .ARM.Collect$$libinit$$00000017  c_w.l(libinit2.o)
    0x080001b6   0x00000000   Code   RO         3805    .ARM.Collect$$libinit$$00000019  c_w.l(libinit2.o)
    0x080001b6   0x00000000   Code   RO         3807    .ARM.Collect$$libinit$$0000001B  c_w.l(libinit2.o)
    0x080001b6   0x00000000   Code   RO         3809    .ARM.Collect$$libinit$$0000001D  c_w.l(libinit2.o)
    0x080001b6   0x00000000   Code   RO         3811    .ARM.Collect$$libinit$$0000001F  c_w.l(libinit2.o)
    0x080001b6   0x00000000   Code   RO         3813    .ARM.Collect$$libinit$$00000021  c_w.l(libinit2.o)
    0x080001b6   0x00000000   Code   RO         3815    .ARM.Collect$$libinit$$00000023  c_w.l(libinit2.o)
    0x080001b6   0x00000000   Code   RO         3817    .ARM.Collect$$libinit$$00000025  c_w.l(libinit2.o)
    0x080001b6   0x00000000   Code   RO         3821    .ARM.Collect$$libinit$$0000002C  c_w.l(libinit2.o)
    0x080001b6   0x00000000   Code   RO         3823    .ARM.Collect$$libinit$$0000002E  c_w.l(libinit2.o)
    0x080001b6   0x00000000   Code   RO         3825    .ARM.Collect$$libinit$$00000030  c_w.l(libinit2.o)
    0x080001b6   0x00000000   Code   RO         3827    .ARM.Collect$$libinit$$00000032  c_w.l(libinit2.o)
    0x080001b6   0x00000002   Code   RO         3828    .ARM.Collect$$libinit$$00000033  c_w.l(libinit2.o)
    0x080001b8   0x00000002   Code   RO         3856    .ARM.Collect$$libshutdown$$00000000  c_w.l(libshutdown.o)
    0x080001ba   0x00000000   Code   RO         3866    .ARM.Collect$$libshutdown$$00000003  c_w.l(libshutdown2.o)
    0x080001ba   0x00000000   Code   RO         3869    .ARM.Collect$$libshutdown$$00000006  c_w.l(libshutdown2.o)
    0x080001ba   0x00000000   Code   RO         3872    .ARM.Collect$$libshutdown$$00000009  c_w.l(libshutdown2.o)
    0x080001ba   0x00000000   Code   RO         3874    .ARM.Collect$$libshutdown$$0000000B  c_w.l(libshutdown2.o)
    0x080001ba   0x00000000   Code   RO         3877    .ARM.Collect$$libshutdown$$0000000E  c_w.l(libshutdown2.o)
    0x080001ba   0x00000002   Code   RO         3878    .ARM.Collect$$libshutdown$$0000000F  c_w.l(libshutdown2.o)
    0x080001bc   0x00000000   Code   RO         3715    .ARM.Collect$$rtentry$$00000000  c_w.l(__rtentry.o)
    0x080001bc   0x00000000   Code   RO         3741    .ARM.Collect$$rtentry$$00000002  c_w.l(__rtentry2.o)
    0x080001bc   0x00000006   Code   RO         3753    .ARM.Collect$$rtentry$$00000004  c_w.l(__rtentry4.o)
    0x080001c2   0x00000000   Code   RO         3743    .ARM.Collect$$rtentry$$00000009  c_w.l(__rtentry2.o)
    0x080001c2   0x00000004   Code   RO         3744    .ARM.Collect$$rtentry$$0000000A  c_w.l(__rtentry2.o)
    0x080001c6   0x00000000   Code   RO         3746    .ARM.Collect$$rtentry$$0000000C  c_w.l(__rtentry2.o)
    0x080001c6   0x00000008   Code   RO         3747    .ARM.Collect$$rtentry$$0000000D  c_w.l(__rtentry2.o)
    0x080001ce   0x00000002   Code   RO         3829    .ARM.Collect$$rtexit$$00000000  c_w.l(rtexit.o)
    0x080001d0   0x00000000   Code   RO         3836    .ARM.Collect$$rtexit$$00000002  c_w.l(rtexit2.o)
    0x080001d0   0x00000004   Code   RO         3837    .ARM.Collect$$rtexit$$00000003  c_w.l(rtexit2.o)
    0x080001d4   0x00000006   Code   RO         3838    .ARM.Collect$$rtexit$$00000004  c_w.l(rtexit2.o)
    0x080001da   0x00000002   PAD
    0x080001dc   0x00000040   Code   RO          341    .text               startup_stm32f10x_hd.o
    0x0800021c   0x00000002   Code   RO         3591    .text               c_w.l(use_no_semi_2.o)
    0x0800021e   0x00000002   PAD
    0x08000220   0x00000018   Code   RO         3599    .text               c_w.l(noretval__2printf.o)
    0x08000238   0x00000028   Code   RO         3601    .text               c_w.l(noretval__2sprintf.o)
    0x08000260   0x0000004e   Code   RO         3605    .text               c_w.l(_printf_pad.o)
    0x080002ae   0x00000002   PAD
    0x080002b0   0x00000078   Code   RO         3607    .text               c_w.l(_printf_dec.o)
    0x08000328   0x00000058   Code   RO         3612    .text               c_w.l(_printf_hex_int.o)
    0x08000380   0x00000138   Code   RO         3642    .text               c_w.l(__printf_flags_wp.o)
    0x080004b8   0x00000058   Code   RO         3653    .text               c_w.l(memcmp.o)
    0x08000510   0x0000008a   Code   RO         3657    .text               c_w.l(rt_memcpy_v6.o)
    0x0800059a   0x00000064   Code   RO         3659    .text               c_w.l(rt_memcpy_w.o)
    0x080005fe   0x00000044   Code   RO         3661    .text               c_w.l(rt_memclr.o)
    0x08000642   0x00000006   Code   RO         3663    .text               c_w.l(heapauxi.o)
    0x08000648   0x00000002   Code   RO         3713    .text               c_w.l(use_no_semi.o)
    0x0800064a   0x000000b2   Code   RO         3718    .text               c_w.l(_printf_intcommon.o)
    0x080006fc   0x00000030   Code   RO         3720    .text               c_w.l(_printf_char_common.o)
    0x0800072c   0x0000000a   Code   RO         3722    .text               c_w.l(_sputc.o)
    0x08000736   0x00000002   PAD
    0x08000738   0x00000024   Code   RO         3724    .text               c_w.l(_printf_char_file.o)
    0x0800075c   0x0000004e   Code   RO         3727    .text               c_w.l(rt_memclr_w.o)
    0x080007aa   0x00000008   Code   RO         3762    .text               c_w.l(ferror.o)
    0x080007b2   0x00000002   PAD
    0x080007b4   0x00000008   Code   RO         3769    .text               c_w.l(libspace.o)
    0x080007bc   0x0000004a   Code   RO         3772    .text               c_w.l(sys_stackheap_outer.o)
    0x08000806   0x0000000c   Code   RO         3774    .text               c_w.l(exit.o)
    0x08000812   0x00000016   Code   RO          387    i.ADC_Cmd           stm32f10x_adc.o
    0x08000828   0x0000005c   Code   RO          389    i.ADC_DeInit        stm32f10x_adc.o
    0x08000884   0x00000014   Code   RO          395    i.ADC_GetCalibrationStatus  stm32f10x_adc.o
    0x08000898   0x00000008   Code   RO          396    i.ADC_GetConversionValue  stm32f10x_adc.o
    0x080008a0   0x00000012   Code   RO          398    i.ADC_GetFlagStatus  stm32f10x_adc.o
    0x080008b2   0x00000014   Code   RO          401    i.ADC_GetResetCalibrationStatus  stm32f10x_adc.o
    0x080008c6   0x00000002   PAD
    0x080008c8   0x00000050   Code   RO          405    i.ADC_Init          stm32f10x_adc.o
    0x08000918   0x000000b8   Code   RO          409    i.ADC_RegularChannelConfig  stm32f10x_adc.o
    0x080009d0   0x0000000a   Code   RO          410    i.ADC_ResetCalibration  stm32f10x_adc.o
    0x080009da   0x00000016   Code   RO          412    i.ADC_SoftwareStartConvCmd  stm32f10x_adc.o
    0x080009f0   0x0000000a   Code   RO          414    i.ADC_StartCalibration  stm32f10x_adc.o
    0x080009fa   0x00000002   PAD
    0x080009fc   0x0000008c   Code   RO         2658    i.Adc_Init          adc.o
    0x08000a88   0x00000038   Code   RO         2958    i.BEEP_Init         beep.o
    0x08000ac0   0x00000010   Code   RO          605    i.BKP_DeInit        stm32f10x_bkp.o
    0x08000ad0   0x0000001c   Code   RO          610    i.BKP_ReadBackupRegister  stm32f10x_bkp.o
    0x08000aec   0x0000001c   Code   RO          614    i.BKP_WriteBackupRegister  stm32f10x_bkp.o
    0x08000b08   0x00000004   Code   RO          204    i.BusFault_Handler  stm32f10x_it.o
    0x08000b0c   0x00000040   Code   RO         3090    i.Check_WKUP        wkup.o
    0x08000b4c   0x00000064   Code   RO         2916    i.DHT11_Check       dht11.o
    0x08000bb0   0x00000040   Code   RO         2917    i.DHT11_Init        dht11.o
    0x08000bf0   0x0000004c   Code   RO         2918    i.DHT11_Read_Bit    dht11.o
    0x08000c3c   0x0000001e   Code   RO         2919    i.DHT11_Read_Byte   dht11.o
    0x08000c5a   0x00000058   Code   RO         2920    i.DHT11_Read_Data   dht11.o
    0x08000cb2   0x00000002   PAD
    0x08000cb4   0x00000040   Code   RO         2921    i.DHT11_Rst         dht11.o
    0x08000cf4   0x00000002   Code   RO          205    i.DebugMon_Handler  stm32f10x_it.o
    0x08000cf6   0x00000014   Code   RO         3091    i.EXTI0_IRQHandler  wkup.o
    0x08000d0a   0x00000002   PAD
    0x08000d0c   0x00000024   Code   RO         3138    i.EXTI3_IRQHandler  exti.o
    0x08000d30   0x00000024   Code   RO         3139    i.EXTI4_IRQHandler  exti.o
    0x08000d54   0x000000b0   Code   RO         3140    i.EXTIX_Init        exti.o
    0x08000e04   0x0000000c   Code   RO          724    i.EXTI_ClearITPendingBit  stm32f10x_exti.o
    0x08000e10   0x00000094   Code   RO          729    i.EXTI_Init         stm32f10x_exti.o
    0x08000ea4   0x00000034   Code   RO          962    i.FSMC_NORSRAMCmd   stm32f10x_fsmc.o
    0x08000ed8   0x000000e6   Code   RO          964    i.FSMC_NORSRAMInit  stm32f10x_fsmc.o
    0x08000fbe   0x00000002   PAD
    0x08000fc0   0x00000040   Code   RO         1074    i.GPIO_EXTILineConfig  stm32f10x_gpio.o
    0x08001000   0x00000116   Code   RO         1077    i.GPIO_Init         stm32f10x_gpio.o
    0x08001116   0x00000012   Code   RO         1081    i.GPIO_ReadInputDataBit  stm32f10x_gpio.o
    0x08001128   0x00000004   Code   RO         1084    i.GPIO_ResetBits    stm32f10x_gpio.o
    0x0800112c   0x00000004   Code   RO         1085    i.GPIO_SetBits      stm32f10x_gpio.o
    0x08001130   0x00000034   Code   RO         2659    i.Get_Adc           adc.o
    0x08001164   0x0000002e   Code   RO         2660    i.Get_Adc_Average   adc.o
    0x08001192   0x00000002   PAD
    0x08001194   0x00000028   Code   RO            1    i.Gizwits_Init      main.o
    0x080011bc   0x00000004   Code   RO          206    i.HardFault_Handler  stm32f10x_it.o
    0x080011c0   0x000001c4   Code   RO            2    i.Init              main.o
    0x08001384   0x0000003a   Code   RO         2970    i.Is_Leap_Year      rtc.o
    0x080013be   0x00000002   PAD
    0x080013c0   0x0000003c   Code   RO         2682    i.KEY_Init          key.o
    0x080013fc   0x000000a4   Code   RO         2683    i.KEY_Scan          key.o
    0x080014a0   0x0000006c   Code   RO         2702    i.LCD_Clear         lcd.o
    0x0800150c   0x000001c0   Code   RO         2706    i.LCD_Display_Dir   lcd.o
    0x080016cc   0x0000017c   Code   RO         2711    i.LCD_Fast_DrawPoint  lcd.o
    0x08001848   0x000000bc   Code   RO         2712    i.LCD_Fill          lcd.o
    0x08001904   0x0000376c   Code   RO         2713    i.LCD_Init          lcd.o
    0x08005070   0x00000016   Code   RO         2714    i.LCD_Pow           lcd.o
    0x08005086   0x00000002   PAD
    0x08005088   0x00000014   Code   RO         2715    i.LCD_RD_DATA       lcd.o
    0x0800509c   0x00000016   Code   RO         2717    i.LCD_ReadReg       lcd.o
    0x080050b2   0x00000002   PAD
    0x080050b4   0x00000054   Code   RO         2718    i.LCD_SSD_BackLightSet  lcd.o
    0x08005108   0x000002ec   Code   RO         2719    i.LCD_Scan_Dir      lcd.o
    0x080053f4   0x000001a8   Code   RO         2720    i.LCD_SetCursor     lcd.o
    0x0800559c   0x00000128   Code   RO         2722    i.LCD_ShowChar      lcd.o
    0x080056c4   0x00000094   Code   RO         2723    i.LCD_ShowNum       lcd.o
    0x08005758   0x00000066   Code   RO         2724    i.LCD_ShowString    lcd.o
    0x080057be   0x000000be   Code   RO         2725    i.LCD_ShowxNum      lcd.o
    0x0800587c   0x0000000c   Code   RO         2726    i.LCD_WR_DATA       lcd.o
    0x08005888   0x0000000c   Code   RO         2727    i.LCD_WR_REG        lcd.o
    0x08005894   0x00000014   Code   RO         2729    i.LCD_WriteRAM_Prepare  lcd.o
    0x080058a8   0x00000010   Code   RO         2730    i.LCD_WriteReg      lcd.o
    0x080058b8   0x0000004c   Code   RO         2904    i.LED_Init          led.o
    0x08005904   0x00000004   Code   RO          207    i.MemManage_Handler  stm32f10x_it.o
    0x08005908   0x00000002   Code   RO          208    i.NMI_Handler       stm32f10x_it.o
    0x0800590a   0x00000002   PAD
    0x0800590c   0x00000070   Code   RO          345    i.NVIC_Init         misc.o
    0x0800597c   0x00000014   Code   RO          346    i.NVIC_PriorityGroupConfig  misc.o
    0x08005990   0x0000000c   Code   RO         1431    i.PWR_BackupAccessCmd  stm32f10x_pwr.o
    0x0800599c   0x00000034   Code   RO         1434    i.PWR_EnterSTANDBYMode  stm32f10x_pwr.o
    0x080059d0   0x0000000c   Code   RO         1439    i.PWR_WakeUpPinCmd  stm32f10x_pwr.o
    0x080059dc   0x00000002   Code   RO          209    i.PendSV_Handler    stm32f10x_it.o
    0x080059de   0x00000002   PAD
    0x080059e0   0x00000018   Code   RO         1491    i.RCC_ADCCLKConfig  stm32f10x_rcc.o
    0x080059f8   0x00000020   Code   RO         1492    i.RCC_AHBPeriphClockCmd  stm32f10x_rcc.o
    0x08005a18   0x00000020   Code   RO         1493    i.RCC_APB1PeriphClockCmd  stm32f10x_rcc.o
    0x08005a38   0x00000020   Code   RO         1494    i.RCC_APB1PeriphResetCmd  stm32f10x_rcc.o
    0x08005a58   0x00000020   Code   RO         1495    i.RCC_APB2PeriphClockCmd  stm32f10x_rcc.o
    0x08005a78   0x00000020   Code   RO         1496    i.RCC_APB2PeriphResetCmd  stm32f10x_rcc.o
    0x08005a98   0x0000000c   Code   RO         1498    i.RCC_BackupResetCmd  stm32f10x_rcc.o
    0x08005aa4   0x000000d4   Code   RO         1503    i.RCC_GetClocksFreq  stm32f10x_rcc.o
    0x08005b78   0x0000003c   Code   RO         1504    i.RCC_GetFlagStatus  stm32f10x_rcc.o
    0x08005bb4   0x00000034   Code   RO         1511    i.RCC_LSEConfig     stm32f10x_rcc.o
    0x08005be8   0x0000000c   Code   RO         1518    i.RCC_RTCCLKCmd     stm32f10x_rcc.o
    0x08005bf4   0x00000010   Code   RO         1519    i.RCC_RTCCLKConfig  stm32f10x_rcc.o
    0x08005c04   0x00000034   Code   RO         3066    i.RELAY_Init        relay.o
    0x08005c38   0x00000010   Code   RO         1692    i.RTC_ClearITPendingBit  stm32f10x_rtc.o
    0x08005c48   0x00000014   Code   RO         1693    i.RTC_EnterConfigMode  stm32f10x_rtc.o
    0x08005c5c   0x00000014   Code   RO         1694    i.RTC_ExitConfigMode  stm32f10x_rtc.o
    0x08005c70   0x00000100   Code   RO         2972    i.RTC_Get           rtc.o
    0x08005d70   0x00000014   Code   RO         1695    i.RTC_GetCounter    stm32f10x_rtc.o
    0x08005d84   0x00000024   Code   RO         1698    i.RTC_GetITStatus   stm32f10x_rtc.o
    0x08005da8   0x00000078   Code   RO         2973    i.RTC_Get_Week      rtc.o
    0x08005e20   0x00000070   Code   RO         2974    i.RTC_IRQHandler    rtc.o
    0x08005e90   0x00000020   Code   RO         1699    i.RTC_ITConfig      stm32f10x_rtc.o
    0x08005eb0   0x000000c0   Code   RO         2975    i.RTC_Init          rtc.o
    0x08005f70   0x00000020   Code   RO         2976    i.RTC_NVIC_Config   rtc.o
    0x08005f90   0x000000c8   Code   RO         2977    i.RTC_Set           rtc.o
    0x08006058   0x0000001c   Code   RO         1701    i.RTC_SetCounter    stm32f10x_rtc.o
    0x08006074   0x00000020   Code   RO         1702    i.RTC_SetPrescaler  stm32f10x_rtc.o
    0x08006094   0x00000014   Code   RO         1703    i.RTC_WaitForLastTask  stm32f10x_rtc.o
    0x080060a8   0x00000024   Code   RO         1704    i.RTC_WaitForSynchro  stm32f10x_rtc.o
    0x080060cc   0x00000002   Code   RO          210    i.SVC_Handler       stm32f10x_it.o
    0x080060ce   0x00000008   Code   RO          293    i.SetSysClock       system_stm32f10x.o
    0x080060d6   0x00000002   PAD
    0x080060d8   0x000000e0   Code   RO          294    i.SetSysClockTo72   system_stm32f10x.o
    0x080061b8   0x00000028   Code   RO          349    i.SysTick_CLKSourceConfig  misc.o
    0x080061e0   0x00000002   Code   RO          211    i.SysTick_Handler   stm32f10x_it.o
    0x080061e2   0x00000012   Code   RO         3093    i.Sys_Enter_Standby  wkup.o
    0x080061f4   0x00000016   Code   RO         3095    i.Sys_Standby       wkup.o
    0x0800620a   0x00000002   PAD
    0x0800620c   0x00000060   Code   RO          296    i.SystemInit        system_stm32f10x.o
    0x0800626c   0x00000024   Code   RO         3035    i.TIM3_IRQHandler   timer.o
    0x08006290   0x00000060   Code   RO         3036    i.TIM3_Int_Init     timer.o
    0x080062f0   0x00000006   Code   RO         1792    i.TIM_ClearITPendingBit  stm32f10x_tim.o
    0x080062f6   0x00000018   Code   RO         1797    i.TIM_Cmd           stm32f10x_tim.o
    0x0800630e   0x00000022   Code   RO         1818    i.TIM_GetITStatus   stm32f10x_tim.o
    0x08006330   0x00000012   Code   RO         1822    i.TIM_ITConfig      stm32f10x_tim.o
    0x08006342   0x00000002   PAD
    0x08006344   0x000000a4   Code   RO         1868    i.TIM_TimeBaseInit  stm32f10x_tim.o
    0x080063e8   0x00000088   Code   RO         2617    i.USART1_IRQHandler  usart.o
    0x08006470   0x00000028   Code   RO         3162    i.USART3_IRQHandler  usart3.o
    0x08006498   0x00000018   Code   RO         2333    i.USART_Cmd         stm32f10x_usart.o
    0x080064b0   0x0000009c   Code   RO         2335    i.USART_DeInit      stm32f10x_usart.o
    0x0800654c   0x0000001a   Code   RO         2336    i.USART_GetFlagStatus  stm32f10x_usart.o
    0x08006566   0x00000054   Code   RO         2337    i.USART_GetITStatus  stm32f10x_usart.o
    0x080065ba   0x0000004a   Code   RO         2339    i.USART_ITConfig    stm32f10x_usart.o
    0x08006604   0x000000d8   Code   RO         2340    i.USART_Init        stm32f10x_usart.o
    0x080066dc   0x0000000a   Code   RO         2347    i.USART_ReceiveData  stm32f10x_usart.o
    0x080066e6   0x00000008   Code   RO         2350    i.USART_SendData    stm32f10x_usart.o
    0x080066ee   0x00000004   Code   RO          212    i.UsageFault_Handler  stm32f10x_it.o
    0x080066f2   0x00000002   PAD
    0x080066f4   0x00000070   Code   RO         3096    i.WKUP_Init         wkup.o
    0x08006764   0x0000000e   Code   RO         3640    i._is_digit         c_w.l(__printf_wp.o)
    0x08006772   0x00000006   Code   RO         2618    i._sys_exit         usart.o
    0x08006778   0x00000044   Code   RO         2563    i.delay_init        delay.o
    0x080067bc   0x0000004c   Code   RO         2564    i.delay_ms          delay.o
    0x08006808   0x0000004c   Code   RO         2565    i.delay_us          delay.o
    0x08006854   0x0000001a   Code   RO         3406    i.exchangeBytes     common.o
    0x0800686e   0x0000001a   Code   RO         3407    i.exchangeWord      common.o
    0x08006888   0x0000001c   Code   RO         2619    i.fputc             usart.o
    0x080068a4   0x0000002a   Code   RO         3475    i.gizAcrossByteJudge  datapointtools.o
    0x080068ce   0x00000032   Code   RO         3476    i.gizByteOrderExchange  datapointtools.o
    0x08006900   0x00000198   Code   RO         3246    i.gizCheckReport    gizwits_protocol.o
    0x08006a98   0x000000fc   Code   RO         3247    i.gizDataPoint2Event  gizwits_protocol.o
    0x08006b94   0x000000d4   Code   RO         3248    i.gizDataPoints2ReportData  gizwits_protocol.o
    0x08006c68   0x000000bc   Code   RO         3249    i.gizDevReportPolicy  gizwits_protocol.o
    0x08006d24   0x0000000c   Code   RO         3182    i.gizGetTimerCount  gizwits_product.o
    0x08006d30   0x0000008c   Code   RO         3250    i.gizProtocolAckHandle  gizwits_protocol.o
    0x08006dbc   0x000000a0   Code   RO         3251    i.gizProtocolCommonAck  gizwits_protocol.o
    0x08006e5c   0x000000a4   Code   RO         3252    i.gizProtocolErrorCmd  gizwits_protocol.o
    0x08006f00   0x0000017c   Code   RO         3253    i.gizProtocolGetDeviceInfo  gizwits_protocol.o
    0x0800707c   0x000001a8   Code   RO         3254    i.gizProtocolGetOnePacket  gizwits_protocol.o
    0x08007224   0x00000050   Code   RO         3255    i.gizProtocolHeadInit  gizwits_protocol.o
    0x08007274   0x0000013c   Code   RO         3256    i.gizProtocolIssuedDataAck  gizwits_protocol.o
    0x080073b0   0x00000118   Code   RO         3257    i.gizProtocolIssuedProcess  gizwits_protocol.o
    0x080074c8   0x0000005c   Code   RO         3258    i.gizProtocolModuleInfoHandle  gizwits_protocol.o
    0x08007524   0x00000504   Code   RO         3259    i.gizProtocolModuleStatus  gizwits_protocol.o
    0x08007a28   0x00000088   Code   RO         3260    i.gizProtocolNTP    gizwits_protocol.o
    0x08007ab0   0x0000001c   Code   RO         3261    i.gizProtocolReboot  gizwits_protocol.o
    0x08007acc   0x0000007c   Code   RO         3262    i.gizProtocolResendData  gizwits_protocol.o
    0x08007b48   0x00000026   Code   RO         3409    i.gizProtocolSum    common.o
    0x08007b6e   0x00000002   PAD
    0x08007b70   0x00000064   Code   RO         3263    i.gizProtocolWaitAck  gizwits_protocol.o
    0x08007bd4   0x00000048   Code   RO         3264    i.gizProtocolWaitAckCheck  gizwits_protocol.o
    0x08007c1c   0x00000074   Code   RO         3265    i.gizPutData        gizwits_protocol.o
    0x08007c90   0x000000d4   Code   RO         3266    i.gizReportData     gizwits_protocol.o
    0x08007d64   0x00000080   Code   RO         3477    i.gizStandardCompressValue  datapointtools.o
    0x08007de4   0x000000c2   Code   RO         3478    i.gizStandardDecompressionValue  datapointtools.o
    0x08007ea6   0x00000002   PAD
    0x08007ea8   0x00000010   Code   RO         3183    i.gizTimerMs        gizwits_product.o
    0x08007eb8   0x0000000e   Code   RO         3483    i.gizY2X            datapointtools.o
    0x08007ec6   0x0000002a   Code   RO         3484    i.gizY2XFloat       datapointtools.o
    0x08007ef0   0x00000270   Code   RO         3184    i.gizwitsEventProcess  gizwits_product.o
    0x08008160   0x00000318   Code   RO         3269    i.gizwitsHandle     gizwits_protocol.o
    0x08008478   0x00000064   Code   RO         3270    i.gizwitsInit       gizwits_protocol.o
    0x080084dc   0x00000288   Code   RO         3272    i.gizwitsSetMode    gizwits_protocol.o
    0x08008764   0x00000100   Code   RO            3    i.main              main.o
    0x08008864   0x00000030   Code   RO         3185    i.mcuRestart        gizwits_product.o
    0x08008894   0x00000038   Code   RO         3541    i.rbCanRead         ringbuffer.o
    0x080088cc   0x0000001e   Code   RO         3542    i.rbCanWrite        ringbuffer.o
    0x080088ea   0x0000000e   Code   RO         3543    i.rbCapacity        ringbuffer.o
    0x080088f8   0x00000016   Code   RO         3544    i.rbCreate          ringbuffer.o
    0x0800890e   0x000000a2   Code   RO         3546    i.rbRead            ringbuffer.o
    0x080089b0   0x0000009a   Code   RO         3547    i.rbWrite           ringbuffer.o
    0x08008a4a   0x00000002   PAD
    0x08008a4c   0x00000010   Code   RO         3067    i.relay_off         relay.o
    0x08008a5c   0x00000010   Code   RO         3068    i.relay_on          relay.o
    0x08008a6c   0x0000018c   Code   RO         3037    i.rtc               timer.o
    0x08008bf8   0x000001e0   Code   RO            4    i.show              main.o
    0x08008dd8   0x00000058   Code   RO         3186    i.uartWrite         gizwits_product.o
    0x08008e30   0x000000a0   Code   RO         2620    i.uart_init         usart.o
    0x08008ed0   0x000000b0   Code   RO         3163    i.usart3_init       usart3.o
    0x08008f80   0x000002dc   Code   RO            5    i.userHandle        main.o
    0x0800925c   0x00000062   Code   RO         3667    x$fpl$d2f           fz_ws.l(d2f.o)
    0x080092be   0x00000002   PAD
    0x080092c0   0x00000150   Code   RO         3669    x$fpl$dadd          fz_ws.l(daddsub_clz.o)
    0x08009410   0x0000005a   Code   RO         3675    x$fpl$dfixu         fz_ws.l(dfixu.o)
    0x0800946a   0x00000026   Code   RO         3679    x$fpl$dfltu         fz_ws.l(dflt_clz.o)
    0x08009490   0x00000154   Code   RO         3685    x$fpl$dmul          fz_ws.l(dmul.o)
    0x080095e4   0x0000009c   Code   RO         3729    x$fpl$dnaninf       fz_ws.l(dnaninf.o)
    0x08009680   0x0000000c   Code   RO         3731    x$fpl$dretinf       fz_ws.l(dretinf.o)
    0x0800968c   0x000001d4   Code   RO         3671    x$fpl$dsub          fz_ws.l(daddsub_clz.o)
    0x08009860   0x00000056   Code   RO         3687    x$fpl$f2d           fz_ws.l(f2d.o)
    0x080098b6   0x00000002   PAD
    0x080098b8   0x000000c4   Code   RO         3689    x$fpl$fadd          fz_ws.l(faddsub_clz.o)
    0x0800997c   0x00000018   Code   RO         3733    x$fpl$fcmpinf       fz_ws.l(fcmpi.o)
    0x08009994   0x00000184   Code   RO         3696    x$fpl$fdiv          fz_ws.l(fdiv.o)
    0x08009b18   0x00000068   Code   RO         3699    x$fpl$feqf          fz_ws.l(feqf.o)
    0x08009b80   0x0000003e   Code   RO         3701    x$fpl$ffixu         fz_ws.l(ffixu.o)
    0x08009bbe   0x00000002   PAD
    0x08009bc0   0x00000026   Code   RO         3705    x$fpl$ffltu         fz_ws.l(fflt_clz.o)
    0x08009be6   0x00000002   PAD
    0x08009be8   0x00000102   Code   RO         3711    x$fpl$fmul          fz_ws.l(fmul.o)
    0x08009cea   0x0000008c   Code   RO         3735    x$fpl$fnaninf       fz_ws.l(fnaninf.o)
    0x08009d76   0x0000000a   Code   RO         3737    x$fpl$fretinf       fz_ws.l(fretinf.o)
    0x08009d80   0x00000014   Code   RO         3690    x$fpl$frsb          fz_ws.l(faddsub_clz.o)
    0x08009d94   0x000000ea   Code   RO         3691    x$fpl$fsub          fz_ws.l(faddsub_clz.o)
    0x08009e7e   0x00000000   Code   RO         3739    x$fpl$usenofp       fz_ws.l(usenofp.o)
    0x08009e7e   0x000017c0   Data   RO         2733    .constdata          lcd.o
    0x0800b63e   0x00000018   Data   RO         2979    .constdata          rtc.o
    0x0800b656   0x00000028   Data   RO         3613    .constdata          c_w.l(_printf_hex_int.o)
    0x0800b67e   0x00000011   Data   RO         3643    .constdata          c_w.l(__printf_flags_wp.o)
    0x0800b68f   0x00000001   PAD
    0x0800b690   0x00000020   Data   RO         3903    Region$$Table       anon$$obj.o


    Execution Region RW_IRAM1 (Base: 0x20000000, Size: 0x000009a0, Max: 0x00010000, ABSOLUTE)

    Base Addr    Size         Type   Attr      Idx    E Section Name        Object

    0x20000000   0x00000020   Data   RW            7    .data               main.o
    0x20000020   0x00000014   Data   RW          297    .data               system_stm32f10x.o
    0x20000034   0x00000014   Data   RW         1523    .data               stm32f10x_rcc.o
    0x20000048   0x00000004   Data   RW         2566    .data               delay.o
    0x2000004c   0x00000006   Data   RW         2622    .data               usart.o
    0x20000052   0x00000001   Data   RW         2684    .data               key.o
    0x20000053   0x00000001   PAD
    0x20000054   0x00000004   Data   RW         2734    .data               lcd.o
    0x20000058   0x00000002   Data   RW         2980    .data               rtc.o
    0x2000005a   0x00000002   PAD
    0x2000005c   0x00000004   Data   RW         3189    .data               gizwits_product.o
    0x20000060   0x00000010   Data   RW         3274    .data               gizwits_protocol.o
    0x20000070   0x00000046   Zero   RW            6    .bss                main.o
    0x200000b6   0x000000c8   Zero   RW         2621    .bss                usart.o
    0x2000017e   0x0000000e   Zero   RW         2732    .bss                lcd.o
    0x2000018c   0x0000000a   Zero   RW         2978    .bss                rtc.o
    0x20000196   0x00000011   Zero   RW         3188    .bss                gizwits_product.o
    0x200001a7   0x00000192   Zero   RW         3273    .bss                gizwits_protocol.o
    0x20000339   0x00000003   PAD
    0x2000033c   0x00000060   Zero   RW         3770    .bss                c_w.l(libspace.o)
    0x2000039c   0x00000004   PAD
    0x200003a0   0x00000200   Zero   RW          339    HEAP                startup_stm32f10x_hd.o
    0x200005a0   0x00000400   Zero   RW          338    STACK               startup_stm32f10x_hd.o


==============================================================================

Image component sizes


      Code (inc. data)   RO Data    RW Data    ZI Data      Debug   Object Name

       238         14          0          0          0       1639   adc.o
        56          6          0          0          0        460   beep.o
        90          0          0          0          0       1904   common.o
         0          0          0          0          0         32   core_cm3.o
       470          0          0          0          0       4642   datapointtools.o
       220         26          0          4          0       1567   delay.o
       422         32          0          0          0       3584   dht11.o
       248         12          0          0          0       1475   exti.o
       788        302          0          4         17      19031   gizwits_product.o
      6708       2170          0         16        402      17450   gizwits_protocol.o
       224         22          0          1          0       1070   key.o
     17428        192       6080          4         14      22469   lcd.o
        76          8          0          0          0        467   led.o
      1960        416          0         32         70     284059   main.o
       172         22          0          0          0       1921   misc.o
        84         14          0          0          0       1292   relay.o
       438          0          0          0          0       3680   ringbuffer.o
       970         72         24          2         10       6486   rtc.o
        64         26        304          0       1536        772   startup_stm32f10x_hd.o
       486         24          0          0          0       8106   stm32f10x_adc.o
        72         10          0          0          0       2536   stm32f10x_bkp.o
       160         12          0          0          0       1401   stm32f10x_exti.o
       282          6          0          0          0       1713   stm32f10x_fsmc.o
       368          4          0          0          0       4046   stm32f10x_gpio.o
        26          0          0          0          0       3410   stm32f10x_it.o
        76         22          0          0          0       1404   stm32f10x_pwr.o
       548         82          0         20          0       8911   stm32f10x_rcc.o
       260         48          0          0          0       4784   stm32f10x_rtc.o
       246         42          0          0          0       3334   stm32f10x_tim.o
       598         28          0          0          0       6392   stm32f10x_usart.o
       328         28          0         20          0       1917   system_stm32f10x.o
       528        110          0          0          0       1576   timer.o
       330         26          0          6        200       3916   usart.o
       216         16          0          0          0       1138   usart3.o
       236         16          0          0          0       2382   wkup.o

    ----------------------------------------------------------------------
     35452       3808       6440        112       2252     430966   Object Totals
         0          0         32          0          0          0   (incl. Generated)
        36          0          0          3          3          0   (incl. Padding)

    ----------------------------------------------------------------------

      Code (inc. data)   RO Data    RW Data    ZI Data      Debug   Library Member Name

         8          0          0          0          0         68   __main.o
       312          4         17          0          0         92   __printf_flags_wp.o
        14          0          0          0          0         68   __printf_wp.o
         0          0          0          0          0          0   __rtentry.o
        12          0          0          0          0          0   __rtentry2.o
         6          0          0          0          0          0   __rtentry4.o
        52          8          0          0          0          0   __scatter.o
        26          0          0          0          0          0   __scatter_copy.o
        28          0          0          0          0          0   __scatter_zi.o
        48          6          0          0          0         96   _printf_char_common.o
        36          4          0          0          0         80   _printf_char_file.o
         6          0          0          0          0          0   _printf_d.o
       120         16          0          0          0         92   _printf_dec.o
        88          4         40          0          0         88   _printf_hex_int.o
       178          0          0          0          0         88   _printf_intcommon.o
        78          0          0          0          0        108   _printf_pad.o
         0          0          0          0          0          0   _printf_percent.o
         4          0          0          0          0          0   _printf_percent_end.o
         6          0          0          0          0          0   _printf_x.o
        10          0          0          0          0         68   _sputc.o
        12          0          0          0          0         72   exit.o
         8          0          0          0          0         68   ferror.o
         6          0          0          0          0        152   heapauxi.o
         2          0          0          0          0          0   libinit.o
         2          0          0          0          0          0   libinit2.o
         2          0          0          0          0          0   libshutdown.o
         2          0          0          0          0          0   libshutdown2.o
         8          4          0          0         96         68   libspace.o
        88          0          0          0          0         76   memcmp.o
        24          4          0          0          0         84   noretval__2printf.o
        40          6          0          0          0         84   noretval__2sprintf.o
        68          0          0          0          0         68   rt_memclr.o
        78          0          0          0          0         80   rt_memclr_w.o
       138          0          0          0          0         68   rt_memcpy_v6.o
       100          0          0          0          0         80   rt_memcpy_w.o
         2          0          0          0          0          0   rtexit.o
        10          0          0          0          0          0   rtexit2.o
        74          0          0          0          0         80   sys_stackheap_outer.o
         2          0          0          0          0         68   use_no_semi.o
         2          0          0          0          0         68   use_no_semi_2.o
        98          4          0          0          0         92   d2f.o
       804         16          0          0          0        272   daddsub_clz.o
        90          4          0          0          0         92   dfixu.o
        38          0          0          0          0         68   dflt_clz.o
       340         12          0          0          0        104   dmul.o
       156          4          0          0          0         92   dnaninf.o
        12          0          0          0          0         68   dretinf.o
        86          4          0          0          0         84   f2d.o
       450          8          0          0          0        236   faddsub_clz.o
        24          0          0          0          0         68   fcmpi.o
       388         76          0          0          0         96   fdiv.o
       104          4          0          0          0         84   feqf.o
        62          4          0          0          0         84   ffixu.o
        38          0          0          0          0         68   fflt_clz.o
       258          4          0          0          0         84   fmul.o
       140          4          0          0          0         84   fnaninf.o
        10          0          0          0          0         68   fretinf.o
         0          0          0          0          0          0   usenofp.o

    ----------------------------------------------------------------------
      4818        200         58          0        100       3708   Library Totals
        20          0          1          0          4          0   (incl. Padding)

    ----------------------------------------------------------------------

      Code (inc. data)   RO Data    RW Data    ZI Data      Debug   Library Name

      1700         56         57          0         96       1964   c_w.l
      3098        144          0          0          0       1744   fz_ws.l

    ----------------------------------------------------------------------
      4818        200         58          0        100       3708   Library Totals

    ----------------------------------------------------------------------

==============================================================================


      Code (inc. data)   RO Data    RW Data    ZI Data      Debug   

     40270       4008       6498        112       2352     423230   Grand Totals
     40270       4008       6498        112       2352     423230   ELF Image Totals
     40270       4008       6498        112          0          0   ROM Totals

==============================================================================

    Total RO  Size (Code + RO Data)                46768 (  45.67kB)
    Total RW  Size (RW Data + ZI Data)              2464 (   2.41kB)
    Total ROM Size (Code + RO Data + RW Data)      46880 (  45.78kB)

==============================================================================

