<html>
<body>
<pre>
<h1>µVision Build Log</h1>
<h2>Tool Versions:</h2>
IDE-Version: ¦ÌVision V5.14.0.0
Copyright (C) 2015 ARM Ltd and ARM Germany GmbH. All rights reserved.
License Information: ACC DAA, 44656168466, LIC=V8545-GA1K9-ZCLJY-I9HVR-1PV1J-MEZ6C
 
Tool Versions:
Toolchain:       MDK-ARM Professional  Version: 5.14.0.0
Toolchain Path:  F:\MDK5\ARM\ARMCC\Bin
C Compiler:      Armcc.exe V5.05 update 1 (build 106)
Assembler:       Armasm.exe V5.05 update 1 (build 106)
Linker/Locator:  ArmLink.exe V5.05 update 1 (build 106)
Library Manager: ArmAr.exe V5.05 update 1 (build 106)
Hex Converter:   FromElf.exe V5.05 update 1 (build 106)
CPU DLL:         SARMCM3.DLL V5.14.0.0
Dialog DLL:      DCM.DLL V1.13.1.0
Target DLL:      STLink\ST-LINKIII-KEIL_SWO.dll V2.0.14.0_KEIL
Dialog DLL:      TCM.DLL V1.14.4.0
 
<h2>Project:</h2>
C:\Users\hp\Desktop\BS\ADC\USER\USER.uvprojx
Project File Date:  12/20/2019

<h2>Output:</h2>
Rebuild target 'Template'
compiling main.c...
compiling stm32f10x_it.c...
compiling system_stm32f10x.c...
compiling core_cm3.c...
assembling startup_stm32f10x_hd.s...
compiling misc.c...
compiling stm32f10x_adc.c...
compiling stm32f10x_bkp.c...
compiling stm32f10x_crc.c...
compiling stm32f10x_exti.c...
compiling stm32f10x_flash.c...
compiling stm32f10x_fsmc.c...
compiling stm32f10x_gpio.c...
compiling stm32f10x_i2c.c...
compiling stm32f10x_iwdg.c...
compiling stm32f10x_pwr.c...
compiling stm32f10x_rcc.c...
compiling stm32f10x_rtc.c...
compiling stm32f10x_tim.c...
compiling stm32f10x_usart.c...
compiling stm32f10x_wwdg.c...
compiling delay.c...
compiling sys.c...
compiling usart.c...
compiling adc.c...
compiling key.c...
compiling lcd.c...
compiling led.c...
compiling dht11.c...
compiling beep.c...
compiling rtc.c...
compiling timer.c...
compiling relay.c...
compiling wkup.c...
compiling exti.c...
compiling usart3.c...
compiling gizwits_product.c...
compiling gizwits_protocol.c...
compiling common.c...
compiling dataPointTools.c...
compiling ringbuffer.c...
linking...
Program Size: Code=40270 RO-data=6498 RW-data=112 ZI-data=2352  
FromELF: creating hex file...
"..\OBJ\USER.axf" - 0 Error(s), 0 Warning(s).

<h2>Collection of Component include folders:</h2>
  C:\Users\hp\Desktop\BS\ADC\USER\RTE
  F:\MDK5\ARM\PACK\Keil\STM32F1xx_DFP\1.0.5\Device\Include

<h2>Collection of Component Files used:</h2>
</pre>
</body>
</html>
